[Live Scores] --auto: checking today's schedule...
[Live Scores] Active slate: pre week 2 (2026)
[Live Scores] [2026-08-22 01:35:59 UTC] Fetching scoreboard: week=2 season=2026 type=pre
  16 games
[Live Scores] Fetching player box scores...
[Live Scores] Roster loaded: 1047 players from fantasai/players/players_2026_draft.json
  150 players with recorded stats
  OK -> fantasai/live/scoreboard_2026_pre_2.json
  OK -> fantasai/live/player_stats_2026_pre_2.json
  OK -> fantasai/live/index.json
[Live Scores] [2026-08-22 01:36:02 UTC] Polling: NYJ@PIT (In Progress), CAR@JAX (In Progress), GB@DEN (In Progress)
  top scorers in the game(s) being polled:
    RJ Harvey              RB   DEN   10.0 pts
    Ameer Abdullah         RB   JAX    9.7 pts
    AJ Dillon              RB   CAR    9.4 pts
    MarShawn Lloyd         RB   GB     8.4 pts
    Jelani Woods           TE   NYJ    7.8 pts
[Live Scores] pre week 2: tier=live — next poll in 60s
[Live Scores] [2026-08-22 01:37:02 UTC] Fetching scoreboard: week=2 season=2026 type=pre
  16 games
[Live Scores] Fetching player box scores...
  150 players with recorded stats
  OK -> fantasai/live/scoreboard_2026_pre_2.json
  OK -> fantasai/live/player_stats_2026_pre_2.json
  OK -> fantasai/live/index.json
[Live Scores] [2026-08-22 01:37:05 UTC] Polling: NYJ@PIT (In Progress), CAR@JAX (In Progress), GB@DEN (In Progress)
  top scorers in the game(s) being polled:
    RJ Harvey              RB   DEN   10.0 pts
    Ameer Abdullah         RB   JAX    9.7 pts
    AJ Dillon              RB   CAR    9.4 pts
    MarShawn Lloyd         RB   GB     8.4 pts
    Jelani Woods           TE   NYJ    7.8 pts
[Live Scores] pre week 2: tier=live — next poll in 60s
[Live Scores] [2026-08-22 01:38:05 UTC] Fetching scoreboard: week=2 season=2026 type=pre
  16 games
[Live Scores] Fetching player box scores...
  151 players with recorded stats
  OK -> fantasai/live/scoreboard_2026_pre_2.json
  OK -> fantasai/live/player_stats_2026_pre_2.json
  OK -> fantasai/live/index.json
[Live Scores] [2026-08-22 01:38:09 UTC] Polling: NYJ@PIT (In Progress), CAR@JAX (In Progress), GB@DEN (In Progress)
  top scorers in the game(s) being polled:
    RJ Harvey              RB   DEN   10.0 pts
    Ameer Abdullah         RB   JAX    9.7 pts
    AJ Dillon              RB   CAR    9.4 pts
    MarShawn Lloyd         RB   GB     9.1 pts
    Jelani Woods           TE   NYJ    7.8 pts
[Live Scores] pre week 2: tier=live — next poll in 60s
[Live Scores] [2026-08-22 01:39:09 UTC] Fetching scoreboard: week=2 season=2026 type=pre
  16 games
[Live Scores] Fetching player box scores...
  151 players with recorded stats
  OK -> fantasai/live/scoreboard_2026_pre_2.json
  OK -> fantasai/live/player_stats_2026_pre_2.json
  OK -> fantasai/live/index.json
[Live Scores] [2026-08-22 01:39:12 UTC] Polling: NYJ@PIT (In Progress), CAR@JAX (In Progress), GB@DEN (In Progress)
  top scorers in the game(s) being polled:
    RJ Harvey              RB   DEN   10.0 pts
    Ameer Abdullah         RB   JAX    9.7 pts
    AJ Dillon              RB   CAR    9.4 pts
    MarShawn Lloyd         RB   GB     9.1 pts
    Jelani Woods           TE   NYJ    7.8 pts
[Live Scores] pre week 2: tier=live — next poll in 60s
[Live Scores] [2026-08-22 01:40:12 UTC] Fetching scoreboard: week=2 season=2026 type=pre
  16 games
[Live Scores] Fetching player box scores...
  152 players with recorded stats
  OK -> fantasai/live/scoreboard_2026_pre_2.json
  OK -> fantasai/live/player_stats_2026_pre_2.json
  OK -> fantasai/live/index.json
[Live Scores] [2026-08-22 01:40:14 UTC] Polling: NYJ@PIT (In Progress), CAR@JAX (In Progress), GB@DEN (In Progress)
  top scorers in the game(s) being polled:
    RJ Harvey              RB   DEN   10.0 pts
    Ameer Abdullah         RB   JAX    9.7 pts
    AJ Dillon              RB   CAR    9.4 pts
    MarShawn Lloyd         RB   GB     9.1 pts
    Jelani Woods           TE   NYJ    7.8 pts
[Live Scores] pre week 2: tier=live — next poll in 60s
[Live Scores] [2026-08-22 01:41:14 UTC] Fetching scoreboard: week=2 season=2026 type=pre
  16 games
[Live Scores] Fetching player box scores...
  152 players with recorded stats
  OK -> fantasai/live/scoreboard_2026_pre_2.json
  OK -> fantasai/live/player_stats_2026_pre_2.json
  OK -> fantasai/live/index.json
[Live Scores] [2026-08-22 01:41:17 UTC] Polling: NYJ@PIT (In Progress), CAR@JAX (In Progress), GB@DEN (In Progress)
  top scorers in the game(s) being polled:
    RJ Harvey              RB   DEN   10.0 pts
    Ameer Abdullah         RB   JAX    9.7 pts
    AJ Dillon              RB   CAR    9.4 pts
    MarShawn Lloyd         RB   GB     9.1 pts
    Jelani Woods           TE   NYJ    7.8 pts
[Live Scores] pre week 2: tier=live — next poll in 60s
[Live Scores] [2026-08-22 01:42:17 UTC] Fetching scoreboard: week=2 season=2026 type=pre
  16 games
[Live Scores] Fetching player box scores...
  152 players with recorded stats
  OK -> fantasai/live/scoreboard_2026_pre_2.json
  OK -> fantasai/live/player_stats_2026_pre_2.json
  OK -> fantasai/live/index.json
[Live Scores] [2026-08-22 01:42:20 UTC] Polling: NYJ@PIT (In Progress), CAR@JAX (In Progress), GB@DEN (In Progress)
  top scorers in the game(s) being polled:
    RJ Harvey              RB   DEN   10.0 pts
    Ameer Abdullah         RB   JAX    9.7 pts
    AJ Dillon              RB   CAR    9.4 pts
    MarShawn Lloyd         RB   GB     9.1 pts
    Jelani Woods           TE   NYJ    7.8 pts
[Live Scores] pre week 2: tier=live — next poll in 60s
[Live Scores] [2026-08-22 01:43:20 UTC] Fetching scoreboard: week=2 season=2026 type=pre
  16 games
[Live Scores] Fetching player box scores...
  152 players with recorded stats
  OK -> fantasai/live/scoreboard_2026_pre_2.json
  OK -> fantasai/live/player_stats_2026_pre_2.json
  OK -> fantasai/live/index.json
[Live Scores] [2026-08-22 01:43:24 UTC] Polling: NYJ@PIT (In Progress), CAR@JAX (In Progress), GB@DEN (In Progress)
  top scorers in the game(s) being polled:
    RJ Harvey              RB   DEN   10.0 pts
    Ameer Abdullah         RB   JAX    9.7 pts
    AJ Dillon              RB   CAR    9.4 pts
    MarShawn Lloyd         RB   GB     9.1 pts
    Jelani Woods           TE   NYJ    7.8 pts
[Live Scores] pre week 2: tier=live — next poll in 60s
[Live Scores] [2026-08-22 01:44:24 UTC] Fetching scoreboard: week=2 season=2026 type=pre
  16 games
[Live Scores] Fetching player box scores...
  154 players with recorded stats
  OK -> fantasai/live/scoreboard_2026_pre_2.json
  OK -> fantasai/live/player_stats_2026_pre_2.json
  OK -> fantasai/live/index.json
[Live Scores] [2026-08-22 01:44:26 UTC] Polling: NYJ@PIT (In Progress), CAR@JAX (In Progress), GB@DEN (In Progress)
  top scorers in the game(s) being polled:
    RJ Harvey              RB   DEN   10.0 pts
    Ameer Abdullah         RB   JAX    9.7 pts
    AJ Dillon              RB   CAR    9.4 pts
    MarShawn Lloyd         RB   GB     9.1 pts
    Jelani Woods           TE   NYJ    7.8 pts
[Live Scores] pre week 2: tier=live — next poll in 60s
[Live Scores] [2026-08-22 01:45:26 UTC] Fetching scoreboard: week=2 season=2026 type=pre
  16 games
[Live Scores] Fetching player box scores...
  157 players with recorded stats
  OK -> fantasai/live/scoreboard_2026_pre_2.json
  OK -> fantasai/live/player_stats_2026_pre_2.json
  OK -> fantasai/live/index.json
[Live Scores] [2026-08-22 01:45:29 UTC] Polling: NYJ@PIT (In Progress), CAR@JAX (In Progress), GB@DEN (In Progress)
  top scorers in the game(s) being polled:
    Quincy Skinner Jr.     WR   NYJ   12.7 pts
    RJ Harvey              RB   DEN   10.0 pts
    Ameer Abdullah         RB   JAX    9.7 pts
    AJ Dillon              RB   CAR    9.4 pts
    MarShawn Lloyd         RB   GB     9.1 pts
[Live Scores] pre week 2: tier=live — next poll in 60s
[Live Scores] [2026-08-22 01:46:29 UTC] Fetching scoreboard: week=2 season=2026 type=pre
  16 games
[Live Scores] Fetching player box scores...
  158 players with recorded stats
  OK -> fantasai/live/scoreboard_2026_pre_2.json
  OK -> fantasai/live/player_stats_2026_pre_2.json
  OK -> fantasai/live/index.json
[Live Scores] [2026-08-22 01:46:33 UTC] Polling: NYJ@PIT (In Progress), CAR@JAX (In Progress), GB@DEN (In Progress)
  top scorers in the game(s) being polled:
    Quincy Skinner Jr.     WR   NYJ   12.7 pts
    RJ Harvey              RB   DEN   10.0 pts
    Ameer Abdullah         RB   JAX    9.7 pts
    AJ Dillon              RB   CAR    9.4 pts
    MarShawn Lloyd         RB   GB     9.1 pts
[Live Scores] pre week 2: tier=live — next poll in 60s
[Live Scores] [2026-08-22 01:47:33 UTC] Fetching scoreboard: week=2 season=2026 type=pre
  16 games
[Live Scores] Fetching player box scores...
  158 players with recorded stats
  OK -> fantasai/live/scoreboard_2026_pre_2.json
  OK -> fantasai/live/player_stats_2026_pre_2.json
  OK -> fantasai/live/index.json
[Live Scores] [2026-08-22 01:47:35 UTC] Polling: NYJ@PIT (In Progress), CAR@JAX (In Progress), GB@DEN (In Progress)
  top scorers in the game(s) being polled:
    Quincy Skinner Jr.     WR   NYJ   12.7 pts
    John Metchie III       WR   CAR   10.7 pts
    RJ Harvey              RB   DEN   10.0 pts
    Ameer Abdullah         RB   JAX    9.7 pts
    AJ Dillon              RB   CAR    9.4 pts
[Live Scores] pre week 2: tier=live — next poll in 60s
[Live Scores] [2026-08-22 01:48:35 UTC] Fetching scoreboard: week=2 season=2026 type=pre
  16 games
[Live Scores] Fetching player box scores...
  160 players with recorded stats
  OK -> fantasai/live/scoreboard_2026_pre_2.json
  OK -> fantasai/live/player_stats_2026_pre_2.json
  OK -> fantasai/live/index.json
[Live Scores] [2026-08-22 01:48:38 UTC] Polling: NYJ@PIT (In Progress), CAR@JAX (In Progress), GB@DEN (In Progress)
  top scorers in the game(s) being polled:
    Quincy Skinner Jr.     WR   NYJ   12.7 pts
    John Metchie III       WR   CAR   10.7 pts
    RJ Harvey              RB   DEN   10.0 pts
    Ameer Abdullah         RB   JAX    9.7 pts
    AJ Dillon              RB   CAR    9.4 pts
[Live Scores] pre week 2: tier=live — next poll in 60s
[Live Scores] [2026-08-22 01:49:38 UTC] Fetching scoreboard: week=2 season=2026 type=pre
  16 games
[Live Scores] Fetching player box scores...
  162 players with recorded stats
  OK -> fantasai/live/scoreboard_2026_pre_2.json
  OK -> fantasai/live/player_stats_2026_pre_2.json
  OK -> fantasai/live/index.json
[Live Scores] [2026-08-22 01:49:41 UTC] Polling: NYJ@PIT (In Progress), CAR@JAX (In Progress), GB@DEN (In Progress)
  top scorers in the game(s) being polled:
    Quincy Skinner Jr.     WR   NYJ   12.7 pts
    John Metchie III       WR   CAR   10.7 pts
    RJ Harvey              RB   DEN   10.0 pts
    Ameer Abdullah         RB   JAX    9.7 pts
    Kenny Pickett          QB   CAR    9.5 pts
[Live Scores] pre week 2: tier=live — next poll in 60s
[Live Scores] [2026-08-22 01:50:41 UTC] Fetching scoreboard: week=2 season=2026 type=pre
  16 games
[Live Scores] Fetching player box scores...
  162 players with recorded stats
  OK -> fantasai/live/scoreboard_2026_pre_2.json
  OK -> fantasai/live/player_stats_2026_pre_2.json
  OK -> fantasai/live/index.json
[Live Scores] [2026-08-22 01:50:44 UTC] Polling: NYJ@PIT (In Progress), CAR@JAX (In Progress), GB@DEN (In Progress)
  top scorers in the game(s) being polled:
    Quincy Skinner Jr.     WR   NYJ   12.7 pts
    John Metchie III       WR   CAR   10.7 pts
    RJ Harvey              RB   DEN   10.0 pts
    Ameer Abdullah         RB   JAX    9.7 pts
    Kenny Pickett          QB   CAR    9.5 pts
[Live Scores] pre week 2: tier=live — next poll in 60s
[Live Scores] [2026-08-22 01:51:44 UTC] Fetching scoreboard: week=2 season=2026 type=pre
  16 games
[Live Scores] Fetching player box scores...
  162 players with recorded stats
  OK -> fantasai/live/scoreboard_2026_pre_2.json
  OK -> fantasai/live/player_stats_2026_pre_2.json
  OK -> fantasai/live/index.json
[Live Scores] [2026-08-22 01:51:47 UTC] Polling: NYJ@PIT (In Progress), CAR@JAX (In Progress), GB@DEN (In Progress)
  top scorers in the game(s) being polled:
    Quincy Skinner Jr.     WR   NYJ   12.7 pts
    John Metchie III       WR   CAR   10.7 pts
    RJ Harvey              RB   DEN   10.0 pts
    Ameer Abdullah         RB   JAX    9.7 pts
    Kenny Pickett          QB   CAR    9.5 pts
[Live Scores] pre week 2: tier=live — next poll in 60s
[Live Scores] [2026-08-22 01:52:47 UTC] Fetching scoreboard: week=2 season=2026 type=pre
  16 games
[Live Scores] Fetching player box scores...
  162 players with recorded stats
  OK -> fantasai/live/scoreboard_2026_pre_2.json
  OK -> fantasai/live/player_stats_2026_pre_2.json
  OK -> fantasai/live/index.json
[Live Scores] [2026-08-22 01:52:50 UTC] Polling: CAR@JAX (In Progress), GB@DEN (In Progress)
  top scorers in the game(s) being polled:
    John Metchie III       WR   CAR   10.7 pts
    RJ Harvey              RB   DEN   10.0 pts
    Ameer Abdullah         RB   JAX    9.7 pts
    Kenny Pickett          QB   CAR    9.5 pts
    AJ Dillon              RB   CAR    9.4 pts
[Live Scores] pre week 2: tier=live — next poll in 60s
[Live Scores] [2026-08-22 01:53:50 UTC] Fetching scoreboard: week=2 season=2026 type=pre
  16 games
[Live Scores] Fetching player box scores...
  162 players with recorded stats
  OK -> fantasai/live/scoreboard_2026_pre_2.json
  OK -> fantasai/live/player_stats_2026_pre_2.json
  OK -> fantasai/live/index.json
[Live Scores] [2026-08-22 01:53:52 UTC] Polling: CAR@JAX (In Progress), GB@DEN (In Progress)
  top scorers in the game(s) being polled:
    John Metchie III       WR   CAR   10.7 pts
    RJ Harvey              RB   DEN   10.0 pts
    Ameer Abdullah         RB   JAX    9.7 pts
    Kenny Pickett          QB   CAR    9.5 pts
    AJ Dillon              RB   CAR    9.4 pts
[Live Scores] pre week 2: tier=live — next poll in 60s
[Live Scores] [2026-08-22 01:54:52 UTC] Fetching scoreboard: week=2 season=2026 type=pre
  16 games
[Live Scores] Fetching player box scores...
  163 players with recorded stats
  OK -> fantasai/live/scoreboard_2026_pre_2.json
  OK -> fantasai/live/player_stats_2026_pre_2.json
  OK -> fantasai/live/index.json
[Live Scores] [2026-08-22 01:54:56 UTC] Polling: CAR@JAX (In Progress), GB@DEN (In Progress)
  top scorers in the game(s) being polled:
    John Metchie III       WR   CAR   10.7 pts
    RJ Harvey              RB   DEN   10.0 pts
    Ameer Abdullah         RB   JAX    9.7 pts
    Kenny Pickett          QB   CAR    9.5 pts
    AJ Dillon              RB   CAR    9.4 pts
[Live Scores] pre week 2: tier=live — next poll in 60s
[Live Scores] [2026-08-22 01:55:56 UTC] Fetching scoreboard: week=2 season=2026 type=pre
  16 games
[Live Scores] Fetching player box scores...
  163 players with recorded stats
  OK -> fantasai/live/scoreboard_2026_pre_2.json
  OK -> fantasai/live/player_stats_2026_pre_2.json
  OK -> fantasai/live/index.json
[Live Scores] [2026-08-22 01:55:58 UTC] Polling: CAR@JAX (In Progress), GB@DEN (In Progress)
  top scorers in the game(s) being polled:
    John Metchie III       WR   CAR   10.7 pts
    RJ Harvey              RB   DEN   10.0 pts
    Ameer Abdullah         RB   JAX    9.7 pts
    Kenny Pickett          QB   CAR    9.5 pts
    AJ Dillon              RB   CAR    9.4 pts
[Live Scores] pre week 2: tier=live — next poll in 60s
[Live Scores] [2026-08-22 01:56:58 UTC] Fetching scoreboard: week=2 season=2026 type=pre
  16 games
[Live Scores] Fetching player box scores...
  163 players with recorded stats
  OK -> fantasai/live/scoreboard_2026_pre_2.json
  OK -> fantasai/live/player_stats_2026_pre_2.json
  OK -> fantasai/live/index.json
[Live Scores] [2026-08-22 01:57:01 UTC] Polling: CAR@JAX (In Progress), GB@DEN (In Progress)
  top scorers in the game(s) being polled:
    John Metchie III       WR   CAR   10.7 pts
    RJ Harvey              RB   DEN   10.0 pts
    Ameer Abdullah         RB   JAX    9.7 pts
    Kenny Pickett          QB   CAR    9.5 pts
    AJ Dillon              RB   CAR    9.4 pts
[Live Scores] pre week 2: tier=live — next poll in 60s
[Live Scores] [2026-08-22 01:58:01 UTC] Fetching scoreboard: week=2 season=2026 type=pre
  16 games
[Live Scores] Fetching player box scores...
  164 players with recorded stats
  OK -> fantasai/live/scoreboard_2026_pre_2.json
  OK -> fantasai/live/player_stats_2026_pre_2.json
  OK -> fantasai/live/index.json
[Live Scores] [2026-08-22 01:58:04 UTC] Polling: CAR@JAX (In Progress), GB@DEN (In Progress)
  top scorers in the game(s) being polled:
    John Metchie III       WR   CAR   10.7 pts
    RJ Harvey              RB   DEN   10.0 pts
    Ameer Abdullah         RB   JAX    9.7 pts
    Kenny Pickett          QB   CAR    9.5 pts
    AJ Dillon              RB   CAR    9.4 pts
[Live Scores] pre week 2: tier=live — next poll in 60s
[Live Scores] [2026-08-22 01:59:04 UTC] Fetching scoreboard: week=2 season=2026 type=pre
  16 games
[Live Scores] Fetching player box scores...
  164 players with recorded stats
  OK -> fantasai/live/scoreboard_2026_pre_2.json
  OK -> fantasai/live/player_stats_2026_pre_2.json
  OK -> fantasai/live/index.json
[Live Scores] [2026-08-22 01:59:07 UTC] Polling: CAR@JAX (In Progress), GB@DEN (In Progress)
  top scorers in the game(s) being polled:
    John Metchie III       WR   CAR   10.7 pts
    RJ Harvey              RB   DEN   10.0 pts
    Ameer Abdullah         RB   JAX    9.7 pts
    Kenny Pickett          QB   CAR    9.5 pts
    AJ Dillon              RB   CAR    9.4 pts
[Live Scores] pre week 2: tier=live — next poll in 60s
[Live Scores] [2026-08-22 02:00:07 UTC] Fetching scoreboard: week=2 season=2026 type=pre
  16 games
[Live Scores] Fetching player box scores...
  164 players with recorded stats
  OK -> fantasai/live/scoreboard_2026_pre_2.json
  OK -> fantasai/live/player_stats_2026_pre_2.json
  OK -> fantasai/live/index.json
[Live Scores] [2026-08-22 02:00:10 UTC] Polling: CAR@JAX (In Progress), GB@DEN (In Progress)
  top scorers in the game(s) being polled:
    John Metchie III       WR   CAR   10.7 pts
    RJ Harvey              RB   DEN   10.0 pts
    Ameer Abdullah         RB   JAX    9.7 pts
    Kenny Pickett          QB   CAR    9.5 pts
    AJ Dillon              RB   CAR    9.4 pts
[Live Scores] pre week 2: tier=live — next poll in 60s
[Live Scores] [2026-08-22 02:01:10 UTC] Fetching scoreboard: week=2 season=2026 type=pre
  16 games
[Live Scores] Fetching player box scores...
  164 players with recorded stats
  OK -> fantasai/live/scoreboard_2026_pre_2.json
  OK -> fantasai/live/player_stats_2026_pre_2.json
  OK -> fantasai/live/index.json
[Live Scores] [2026-08-22 02:01:13 UTC] Polling: CAR@JAX (In Progress), GB@DEN (In Progress)
  top scorers in the game(s) being polled:
    John Metchie III       WR   CAR   10.7 pts
    RJ Harvey              RB   DEN   10.0 pts
    Ameer Abdullah         RB   JAX    9.7 pts
    Kenny Pickett          QB   CAR    9.5 pts
    AJ Dillon              RB   CAR    9.4 pts
[Live Scores] pre week 2: tier=live — next poll in 60s
[Live Scores] [2026-08-22 02:02:13 UTC] Fetching scoreboard: week=2 season=2026 type=pre
  16 games
[Live Scores] Fetching player box scores...
  164 players with recorded stats
  OK -> fantasai/live/scoreboard_2026_pre_2.json
  OK -> fantasai/live/player_stats_2026_pre_2.json
  OK -> fantasai/live/index.json
[Live Scores] [2026-08-22 02:02:15 UTC] Polling: CAR@JAX (In Progress), GB@DEN (In Progress)
  top scorers in the game(s) being polled:
    John Metchie III       WR   CAR   10.7 pts
    RJ Harvey              RB   DEN   10.0 pts
    Ameer Abdullah         RB   JAX    9.7 pts
    Kenny Pickett          QB   CAR    9.5 pts
    AJ Dillon              RB   CAR    9.4 pts
[Live Scores] pre week 2: tier=live — next poll in 60s
[Live Scores] [2026-08-22 02:03:15 UTC] Fetching scoreboard: week=2 season=2026 type=pre
  16 games
[Live Scores] Fetching player box scores...
  164 players with recorded stats
  OK -> fantasai/live/scoreboard_2026_pre_2.json
  OK -> fantasai/live/player_stats_2026_pre_2.json
  OK -> fantasai/live/index.json
[Live Scores] [2026-08-22 02:03:18 UTC] Polling: CAR@JAX (In Progress), GB@DEN (In Progress)
  top scorers in the game(s) being polled:
    John Metchie III       WR   CAR   10.7 pts
    RJ Harvey              RB   DEN   10.0 pts
    Ameer Abdullah         RB   JAX    9.7 pts
    Kenny Pickett          QB   CAR    9.5 pts
    AJ Dillon              RB   CAR    9.4 pts
[Live Scores] pre week 2: tier=live — next poll in 60s
[Live Scores] [2026-08-22 02:04:18 UTC] Fetching scoreboard: week=2 season=2026 type=pre
  16 games
[Live Scores] Fetching player box scores...
  165 players with recorded stats
  OK -> fantasai/live/scoreboard_2026_pre_2.json
  OK -> fantasai/live/player_stats_2026_pre_2.json
  OK -> fantasai/live/index.json
[Live Scores] [2026-08-22 02:04:21 UTC] Polling: CAR@JAX (In Progress), GB@DEN (In Progress)
  top scorers in the game(s) being polled:
    John Metchie III       WR   CAR   10.7 pts
    RJ Harvey              RB   DEN   10.0 pts
    Ameer Abdullah         RB   JAX    9.7 pts
    Kenny Pickett          QB   CAR    9.5 pts
    AJ Dillon              RB   CAR    9.4 pts
[Live Scores] pre week 2: tier=live — next poll in 60s
[Live Scores] [2026-08-22 02:05:21 UTC] Fetching scoreboard: week=2 season=2026 type=pre
  16 games
[Live Scores] Fetching player box scores...
  166 players with recorded stats
  OK -> fantasai/live/scoreboard_2026_pre_2.json
  OK -> fantasai/live/player_stats_2026_pre_2.json
  OK -> fantasai/live/index.json
[Live Scores] [2026-08-22 02:05:24 UTC] Polling: CAR@JAX (In Progress), GB@DEN (In Progress)
  top scorers in the game(s) being polled:
    John Metchie III       WR   CAR   10.7 pts
    RJ Harvey              RB   DEN   10.0 pts
    Ameer Abdullah         RB   JAX    9.7 pts
    Kenny Pickett          QB   CAR    9.5 pts
    AJ Dillon              RB   CAR    9.4 pts
[Live Scores] pre week 2: tier=live — next poll in 60s
[Live Scores] [2026-08-22 02:06:24 UTC] Fetching scoreboard: week=2 season=2026 type=pre
  16 games
[Live Scores] Fetching player box scores...
  166 players with recorded stats
  OK -> fantasai/live/scoreboard_2026_pre_2.json
  OK -> fantasai/live/player_stats_2026_pre_2.json
  OK -> fantasai/live/index.json
[Live Scores] [2026-08-22 02:06:27 UTC] Polling: CAR@JAX (In Progress), GB@DEN (In Progress)
  top scorers in the game(s) being polled:
    John Metchie III       WR   CAR   10.7 pts
    RJ Harvey              RB   DEN   10.0 pts
    Ameer Abdullah         RB   JAX    9.7 pts
    Kenny Pickett          QB   CAR    9.5 pts
    AJ Dillon              RB   CAR    9.4 pts
[Live Scores] pre week 2: tier=live — next poll in 60s
[Live Scores] [2026-08-22 02:07:27 UTC] Fetching scoreboard: week=2 season=2026 type=pre
  16 games
[Live Scores] Fetching player box scores...
  167 players with recorded stats
  OK -> fantasai/live/scoreboard_2026_pre_2.json
  OK -> fantasai/live/player_stats_2026_pre_2.json
  OK -> fantasai/live/index.json
[Live Scores] [2026-08-22 02:07:30 UTC] Polling: CAR@JAX (In Progress), GB@DEN (In Progress)
  top scorers in the game(s) being polled:
    John Metchie III       WR   CAR   10.7 pts
    RJ Harvey              RB   DEN   10.0 pts
    Ameer Abdullah         RB   JAX    9.7 pts
    Kenny Pickett          QB   CAR    9.5 pts
    AJ Dillon              RB   CAR    9.4 pts
[Live Scores] pre week 2: tier=live — next poll in 60s
[Live Scores] [2026-08-22 02:08:30 UTC] Fetching scoreboard: week=2 season=2026 type=pre
  16 games
[Live Scores] Fetching player box scores...
  167 players with recorded stats
  OK -> fantasai/live/scoreboard_2026_pre_2.json
  OK -> fantasai/live/player_stats_2026_pre_2.json
  OK -> fantasai/live/index.json
[Live Scores] [2026-08-22 02:08:32 UTC] Polling: CAR@JAX (In Progress), GB@DEN (In Progress)
  top scorers in the game(s) being polled:
    John Metchie III       WR   CAR   10.7 pts
    RJ Harvey              RB   DEN   10.0 pts
    Ameer Abdullah         RB   JAX    9.7 pts
    Kenny Pickett          QB   CAR    9.5 pts
    AJ Dillon              RB   CAR    9.4 pts
[Live Scores] pre week 2: tier=live — next poll in 60s
[Live Scores] [2026-08-22 02:09:32 UTC] Fetching scoreboard: week=2 season=2026 type=pre
  16 games
[Live Scores] Fetching player box scores...
  168 players with recorded stats
  OK -> fantasai/live/scoreboard_2026_pre_2.json
  OK -> fantasai/live/player_stats_2026_pre_2.json
  OK -> fantasai/live/index.json
[Live Scores] [2026-08-22 02:09:35 UTC] Polling: CAR@JAX (In Progress), GB@DEN (In Progress)
  top scorers in the game(s) being polled:
    John Metchie III       WR   CAR   10.7 pts
    RJ Harvey              RB   DEN   10.0 pts
    Ameer Abdullah         RB   JAX    9.7 pts
    Kenny Pickett          QB   CAR    9.5 pts
    AJ Dillon              RB   CAR    9.4 pts
[Live Scores] pre week 2: tier=live — next poll in 60s
[Live Scores] [2026-08-22 02:10:35 UTC] Fetching scoreboard: week=2 season=2026 type=pre
  16 games
[Live Scores] Fetching player box scores...
  168 players with recorded stats
  OK -> fantasai/live/scoreboard_2026_pre_2.json
  OK -> fantasai/live/player_stats_2026_pre_2.json
  OK -> fantasai/live/index.json
[Live Scores] [2026-08-22 02:10:38 UTC] Polling: CAR@JAX (In Progress), GB@DEN (In Progress)
  top scorers in the game(s) being polled:
    John Metchie III       WR   CAR   10.7 pts
    RJ Harvey              RB   DEN   10.0 pts
    Ameer Abdullah         RB   JAX    9.7 pts
    Kenny Pickett          QB   CAR    9.5 pts
    AJ Dillon              RB   CAR    9.4 pts
[Live Scores] pre week 2: tier=live — next poll in 60s
[Live Scores] [2026-08-22 02:11:38 UTC] Fetching scoreboard: week=2 season=2026 type=pre
  16 games
[Live Scores] Fetching player box scores...
  170 players with recorded stats
  OK -> fantasai/live/scoreboard_2026_pre_2.json
  OK -> fantasai/live/player_stats_2026_pre_2.json
  OK -> fantasai/live/index.json
[Live Scores] [2026-08-22 02:11:42 UTC] Polling: CAR@JAX (In Progress), GB@DEN (In Progress)
  top scorers in the game(s) being polled:
    John Metchie III       WR   CAR   10.7 pts
    RJ Harvey              RB   DEN   10.0 pts
    Ameer Abdullah         RB   JAX    9.7 pts
    Kenny Pickett          QB   CAR    9.5 pts
    AJ Dillon              RB   CAR    9.4 pts
[Live Scores] pre week 2: tier=live — next poll in 60s
[Live Scores] [2026-08-22 02:12:42 UTC] Fetching scoreboard: week=2 season=2026 type=pre
  16 games
[Live Scores] Fetching player box scores...
  170 players with recorded stats
  OK -> fantasai/live/scoreboard_2026_pre_2.json
  OK -> fantasai/live/player_stats_2026_pre_2.json
  OK -> fantasai/live/index.json
[Live Scores] [2026-08-22 02:12:45 UTC] Polling: CAR@JAX (In Progress), GB@DEN (In Progress)
  top scorers in the game(s) being polled:
    John Metchie III       WR   CAR   10.7 pts
    RJ Harvey              RB   DEN   10.0 pts
    Ameer Abdullah         RB   JAX    9.7 pts
    Kenny Pickett          QB   CAR    9.5 pts
    AJ Dillon              RB   CAR    9.4 pts
[Live Scores] pre week 2: tier=live — next poll in 60s
[Live Scores] [2026-08-22 02:13:45 UTC] Fetching scoreboard: week=2 season=2026 type=pre
  16 games
[Live Scores] Fetching player box scores...
  170 players with recorded stats
  OK -> fantasai/live/scoreboard_2026_pre_2.json
  OK -> fantasai/live/player_stats_2026_pre_2.json
  OK -> fantasai/live/index.json
[Live Scores] [2026-08-22 02:13:48 UTC] Polling: CAR@JAX (In Progress), GB@DEN (In Progress)
  top scorers in the game(s) being polled:
    Casey Washington       WR   CAR   12.7 pts
    John Metchie III       WR   CAR   10.7 pts
    RJ Harvey              RB   DEN   10.0 pts
    Ameer Abdullah         RB   JAX    9.7 pts
    Kenny Pickett          QB   CAR    9.5 pts
[Live Scores] pre week 2: tier=live — next poll in 60s
[Live Scores] [2026-08-22 02:14:48 UTC] Fetching scoreboard: week=2 season=2026 type=pre
  16 games
[Live Scores] Fetching player box scores...
  170 players with recorded stats
  OK -> fantasai/live/scoreboard_2026_pre_2.json
  OK -> fantasai/live/player_stats_2026_pre_2.json
  OK -> fantasai/live/index.json
[Live Scores] [2026-08-22 02:14:52 UTC] Polling: CAR@JAX (In Progress), GB@DEN (In Progress)
  top scorers in the game(s) being polled:
    Casey Washington       WR   CAR   12.7 pts
    John Metchie III       WR   CAR   10.7 pts
    RJ Harvey              RB   DEN   10.0 pts
    Ameer Abdullah         RB   JAX    9.7 pts
    Kenny Pickett          QB   CAR    9.5 pts
[Live Scores] pre week 2: tier=live — next poll in 60s
[Live Scores] [2026-08-22 02:15:52 UTC] Fetching scoreboard: week=2 season=2026 type=pre
  16 games
[Live Scores] Fetching player box scores...
  170 players with recorded stats
  OK -> fantasai/live/scoreboard_2026_pre_2.json
  OK -> fantasai/live/player_stats_2026_pre_2.json
  OK -> fantasai/live/index.json
[Live Scores] [2026-08-22 02:15:54 UTC] Polling: CAR@JAX (In Progress), GB@DEN (In Progress)
  top scorers in the game(s) being polled:
    Casey Washington       WR   CAR   12.7 pts
    John Metchie III       WR   CAR   10.7 pts
    RJ Harvey              RB   DEN   10.0 pts
    Ameer Abdullah         RB   JAX    9.7 pts
    Kenny Pickett          QB   CAR    9.5 pts
[Live Scores] pre week 2: tier=live — next poll in 60s
[Live Scores] [2026-08-22 02:16:54 UTC] Fetching scoreboard: week=2 season=2026 type=pre
  16 games
[Live Scores] Fetching player box scores...
  171 players with recorded stats
  OK -> fantasai/live/scoreboard_2026_pre_2.json
  OK -> fantasai/live/player_stats_2026_pre_2.json
  OK -> fantasai/live/index.json
[Live Scores] [2026-08-22 02:16:58 UTC] Polling: CAR@JAX (In Progress), GB@DEN (In Progress)
  top scorers in the game(s) being polled:
    Casey Washington       WR   CAR   12.7 pts
    John Metchie III       WR   CAR   10.7 pts
    RJ Harvey              RB   DEN   10.0 pts
    Ameer Abdullah         RB   JAX    9.7 pts
    Kenny Pickett          QB   CAR    9.5 pts
[Live Scores] pre week 2: tier=live — next poll in 60s
[Live Scores] [2026-08-22 02:17:58 UTC] Fetching scoreboard: week=2 season=2026 type=pre
  16 games
[Live Scores] Fetching player box scores...
  171 players with recorded stats
  OK -> fantasai/live/scoreboard_2026_pre_2.json
  OK -> fantasai/live/player_stats_2026_pre_2.json
  OK -> fantasai/live/index.json
[Live Scores] [2026-08-22 02:18:00 UTC] Polling: CAR@JAX (In Progress), GB@DEN (In Progress)
  top scorers in the game(s) being polled:
    Casey Washington       WR   CAR   12.7 pts
    John Metchie III       WR   CAR   10.7 pts
    RJ Harvey              RB   DEN   10.0 pts
    Ameer Abdullah         RB   JAX    9.7 pts
    Kenny Pickett          QB   CAR    9.5 pts
[Live Scores] pre week 2: tier=live — next poll in 60s
[Live Scores] [2026-08-22 02:19:00 UTC] Fetching scoreboard: week=2 season=2026 type=pre
  16 games
[Live Scores] Fetching player box scores...
  171 players with recorded stats
  OK -> fantasai/live/scoreboard_2026_pre_2.json
  OK -> fantasai/live/player_stats_2026_pre_2.json
  OK -> fantasai/live/index.json
[Live Scores] [2026-08-22 02:19:03 UTC] Polling: CAR@JAX (In Progress), GB@DEN (In Progress)
  top scorers in the game(s) being polled:
    Casey Washington       WR   CAR   12.7 pts
    John Metchie III       WR   CAR   10.7 pts
    RJ Harvey              RB   DEN   10.0 pts
    Ameer Abdullah         RB   JAX    9.7 pts
    Kenny Pickett          QB   CAR    9.5 pts
[Live Scores] pre week 2: tier=live — next poll in 60s
[Live Scores] [2026-08-22 02:20:03 UTC] Fetching scoreboard: week=2 season=2026 type=pre
  16 games
[Live Scores] Fetching player box scores...
  171 players with recorded stats
  OK -> fantasai/live/scoreboard_2026_pre_2.json
  OK -> fantasai/live/player_stats_2026_pre_2.json
  OK -> fantasai/live/index.json
[Live Scores] [2026-08-22 02:20:06 UTC] Polling: CAR@JAX (In Progress), GB@DEN (In Progress)
  top scorers in the game(s) being polled:
    Casey Washington       WR   CAR   12.7 pts
    John Metchie III       WR   CAR   10.7 pts
    RJ Harvey              RB   DEN   10.0 pts
    Ameer Abdullah         RB   JAX    9.7 pts
    Kenny Pickett          QB   CAR    9.5 pts
[Live Scores] pre week 2: tier=live — next poll in 60s
[Live Scores] [2026-08-22 02:21:06 UTC] Fetching scoreboard: week=2 season=2026 type=pre
  16 games
[Live Scores] Fetching player box scores...
  172 players with recorded stats
  OK -> fantasai/live/scoreboard_2026_pre_2.json
  OK -> fantasai/live/player_stats_2026_pre_2.json
  OK -> fantasai/live/index.json
[Live Scores] [2026-08-22 02:21:09 UTC] Polling: CAR@JAX (In Progress), GB@DEN (In Progress)
  top scorers in the game(s) being polled:
    Casey Washington       WR   CAR   12.7 pts
    John Metchie III       WR   CAR   10.7 pts
    RJ Harvey              RB   DEN   10.0 pts
    Ameer Abdullah         RB   JAX    9.7 pts
    Kenny Pickett          QB   CAR    9.5 pts
[Live Scores] pre week 2: tier=live — next poll in 60s
[Live Scores] [2026-08-22 02:22:09 UTC] Fetching scoreboard: week=2 season=2026 type=pre
  16 games
[Live Scores] Fetching player box scores...
  172 players with recorded stats
  OK -> fantasai/live/scoreboard_2026_pre_2.json
  OK -> fantasai/live/player_stats_2026_pre_2.json
  OK -> fantasai/live/index.json
[Live Scores] [2026-08-22 02:22:12 UTC] Polling: CAR@JAX (In Progress), GB@DEN (In Progress)
  top scorers in the game(s) being polled:
    Trebor Pena            WR   JAX   15.2 pts
    Casey Washington       WR   CAR   12.7 pts
    John Metchie III       WR   CAR   10.7 pts
    RJ Harvey              RB   DEN   10.0 pts
    Ameer Abdullah         RB   JAX    9.7 pts
[Live Scores] pre week 2: tier=live — next poll in 60s
[Live Scores] [2026-08-22 02:23:12 UTC] Fetching scoreboard: week=2 season=2026 type=pre
  16 games
[Live Scores] Fetching player box scores...
  172 players with recorded stats
  OK -> fantasai/live/scoreboard_2026_pre_2.json
  OK -> fantasai/live/player_stats_2026_pre_2.json
  OK -> fantasai/live/index.json
[Live Scores] [2026-08-22 02:23:15 UTC] Polling: CAR@JAX (In Progress), GB@DEN (In Progress)
  top scorers in the game(s) being polled:
    Trebor Pena            WR   JAX   15.2 pts
    Casey Washington       WR   CAR   12.7 pts
    John Metchie III       WR   CAR   10.7 pts
    RJ Harvey              RB   DEN   10.0 pts
    Ameer Abdullah         RB   JAX    9.7 pts
[Live Scores] pre week 2: tier=live — next poll in 60s
[Live Scores] [2026-08-22 02:24:15 UTC] Fetching scoreboard: week=2 season=2026 type=pre
  16 games
[Live Scores] Fetching player box scores...
  172 players with recorded stats
  OK -> fantasai/live/scoreboard_2026_pre_2.json
  OK -> fantasai/live/player_stats_2026_pre_2.json
  OK -> fantasai/live/index.json
[Live Scores] [2026-08-22 02:24:18 UTC] Polling: CAR@JAX (In Progress), GB@DEN (In Progress)
  top scorers in the game(s) being polled:
    Trebor Pena            WR   JAX   15.2 pts
    Casey Washington       WR   CAR   12.7 pts
    John Metchie III       WR   CAR   10.7 pts
    RJ Harvey              RB   DEN   10.0 pts
    Ameer Abdullah         RB   JAX    9.7 pts
[Live Scores] pre week 2: tier=live — next poll in 60s
[Live Scores] [2026-08-22 02:25:18 UTC] Fetching scoreboard: week=2 season=2026 type=pre
  16 games
[Live Scores] Fetching player box scores...
  173 players with recorded stats
  OK -> fantasai/live/scoreboard_2026_pre_2.json
  OK -> fantasai/live/player_stats_2026_pre_2.json
  OK -> fantasai/live/index.json
[Live Scores] [2026-08-22 02:25:20 UTC] Polling: CAR@JAX (In Progress), GB@DEN (In Progress)
  top scorers in the game(s) being polled:
    Trebor Pena            WR   JAX   15.2 pts
    Casey Washington       WR   CAR   12.7 pts
    John Metchie III       WR   CAR   10.7 pts
    RJ Harvey              RB   DEN   10.0 pts
    Ameer Abdullah         RB   JAX    9.7 pts
[Live Scores] pre week 2: tier=live — next poll in 60s
[Live Scores] [2026-08-22 02:26:20 UTC] Fetching scoreboard: week=2 season=2026 type=pre
  16 games
[Live Scores] Fetching player box scores...
  173 players with recorded stats
  OK -> fantasai/live/scoreboard_2026_pre_2.json
  OK -> fantasai/live/player_stats_2026_pre_2.json
  OK -> fantasai/live/index.json
[Live Scores] [2026-08-22 02:26:23 UTC] Polling: CAR@JAX (In Progress), GB@DEN (In Progress)
  top scorers in the game(s) being polled:
    Trebor Pena            WR   JAX   15.2 pts
    Casey Washington       WR   CAR   12.7 pts
    John Metchie III       WR   CAR   10.7 pts
    RJ Harvey              RB   DEN   10.0 pts
    Ameer Abdullah         RB   JAX    9.7 pts
[Live Scores] pre week 2: tier=live — next poll in 60s
[Live Scores] [2026-08-22 02:27:23 UTC] Fetching scoreboard: week=2 season=2026 type=pre
  16 games
[Live Scores] Fetching player box scores...
  173 players with recorded stats
  OK -> fantasai/live/scoreboard_2026_pre_2.json
  OK -> fantasai/live/player_stats_2026_pre_2.json
  OK -> fantasai/live/index.json
[Live Scores] [2026-08-22 02:27:26 UTC] Polling: CAR@JAX (In Progress), GB@DEN (In Progress)
  top scorers in the game(s) being polled:
    Trebor Pena            WR   JAX   15.2 pts
    Casey Washington       WR   CAR   12.7 pts
    John Metchie III       WR   CAR   10.7 pts
    RJ Harvey              RB   DEN   10.0 pts
    Ameer Abdullah         RB   JAX    9.7 pts
[Live Scores] pre week 2: tier=live — next poll in 60s
[Live Scores] [2026-08-22 02:28:26 UTC] Fetching scoreboard: week=2 season=2026 type=pre
  16 games
[Live Scores] Fetching player box scores...
  173 players with recorded stats
  OK -> fantasai/live/scoreboard_2026_pre_2.json
  OK -> fantasai/live/player_stats_2026_pre_2.json
  OK -> fantasai/live/index.json
[Live Scores] [2026-08-22 02:28:29 UTC] Polling: CAR@JAX (In Progress), GB@DEN (In Progress)
  top scorers in the game(s) being polled:
    Trebor Pena            WR   JAX   15.2 pts
    Casey Washington       WR   CAR   12.7 pts
    John Metchie III       WR   CAR   10.7 pts
    RJ Harvey              RB   DEN   10.0 pts
    Ameer Abdullah         RB   JAX    9.7 pts
[Live Scores] pre week 2: tier=live — next poll in 60s
[Live Scores] [2026-08-22 02:29:29 UTC] Fetching scoreboard: week=2 season=2026 type=pre
  16 games
[Live Scores] Fetching player box scores...
  173 players with recorded stats
  OK -> fantasai/live/scoreboard_2026_pre_2.json
  OK -> fantasai/live/player_stats_2026_pre_2.json
  OK -> fantasai/live/index.json
[Live Scores] [2026-08-22 02:29:32 UTC] Polling: CAR@JAX (In Progress), GB@DEN (In Progress)
  top scorers in the game(s) being polled:
    Trebor Pena            WR   JAX   15.2 pts
    Casey Washington       WR   CAR   12.7 pts
    John Metchie III       WR   CAR   10.7 pts
    RJ Harvey              RB   DEN   10.0 pts
    Ameer Abdullah         RB   JAX    9.7 pts
[Live Scores] pre week 2: tier=live — next poll in 60s
[Live Scores] [2026-08-22 02:30:32 UTC] Fetching scoreboard: week=2 season=2026 type=pre
  16 games
[Live Scores] Fetching player box scores...
  173 players with recorded stats
  OK -> fantasai/live/scoreboard_2026_pre_2.json
  OK -> fantasai/live/player_stats_2026_pre_2.json
  OK -> fantasai/live/index.json
[Live Scores] [2026-08-22 02:30:35 UTC] Polling: CAR@JAX (In Progress), GB@DEN (In Progress)
  top scorers in the game(s) being polled:
    Trebor Pena            WR   JAX   15.2 pts
    Casey Washington       WR   CAR   12.7 pts
    John Metchie III       WR   CAR   10.7 pts
    RJ Harvey              RB   DEN   10.0 pts
    Ameer Abdullah         RB   JAX    9.7 pts
[Live Scores] pre week 2: tier=live — next poll in 60s
[Live Scores] [2026-08-22 02:31:35 UTC] Fetching scoreboard: week=2 season=2026 type=pre
  16 games
[Live Scores] Fetching player box scores...
  173 players with recorded stats
  OK -> fantasai/live/scoreboard_2026_pre_2.json
  OK -> fantasai/live/player_stats_2026_pre_2.json
  OK -> fantasai/live/index.json
[Live Scores] [2026-08-22 02:31:38 UTC] Polling: CAR@JAX (In Progress), GB@DEN (In Progress)
  top scorers in the game(s) being polled:
    Trebor Pena            WR   JAX   15.2 pts
    Casey Washington       WR   CAR   12.7 pts
    John Metchie III       WR   CAR   10.7 pts
    RJ Harvey              RB   DEN   10.0 pts
    Ameer Abdullah         RB   JAX    9.7 pts
[Live Scores] pre week 2: tier=live — next poll in 60s
[Live Scores] [2026-08-22 02:32:38 UTC] Fetching scoreboard: week=2 season=2026 type=pre
  16 games
[Live Scores] Fetching player box scores...
  175 players with recorded stats
  OK -> fantasai/live/scoreboard_2026_pre_2.json
  OK -> fantasai/live/player_stats_2026_pre_2.json
  OK -> fantasai/live/index.json
[Live Scores] [2026-08-22 02:32:40 UTC] Polling: GB@DEN (In Progress)
  top scorers in the game(s) being polled:
    RJ Harvey              RB   DEN   10.0 pts
    MarShawn Lloyd         RB   GB     9.3 pts
    Bo Nix                 QB   DEN    7.0 pts
    Will Sheppard          WR   GB     6.7 pts
    Jordan Love            QB   GB     6.2 pts
[Live Scores] pre week 2: tier=live — next poll in 60s
[Live Scores] [2026-08-22 02:33:40 UTC] Fetching scoreboard: week=2 season=2026 type=pre
  16 games
[Live Scores] Fetching player box scores...
  175 players with recorded stats
  OK -> fantasai/live/scoreboard_2026_pre_2.json
  OK -> fantasai/live/player_stats_2026_pre_2.json
  OK -> fantasai/live/index.json
[Live Scores] [2026-08-22 02:33:44 UTC] Polling: GB@DEN (In Progress)
  top scorers in the game(s) being polled:
    RJ Harvey              RB   DEN   10.0 pts
    MarShawn Lloyd         RB   GB     9.3 pts
    Will Sheppard          WR   GB     7.7 pts
    Bo Nix                 QB   DEN    7.0 pts
    Jordan Love            QB   GB     6.2 pts
[Live Scores] pre week 2: tier=live — next poll in 60s
[Live Scores] [2026-08-22 02:34:44 UTC] Fetching scoreboard: week=2 season=2026 type=pre
  16 games
[Live Scores] Fetching player box scores...
  176 players with recorded stats
  OK -> fantasai/live/scoreboard_2026_pre_2.json
  OK -> fantasai/live/player_stats_2026_pre_2.json
  OK -> fantasai/live/index.json
[Live Scores] [2026-08-22 02:34:46 UTC] Polling: GB@DEN (In Progress)
  top scorers in the game(s) being polled:
    RJ Harvey              RB   DEN   10.0 pts
    MarShawn Lloyd         RB   GB     9.3 pts
    Will Sheppard          WR   GB     7.7 pts
    Bo Nix                 QB   DEN    7.0 pts
    Jordan Love            QB   GB     6.2 pts
[Live Scores] pre week 2: tier=live — next poll in 60s
[Live Scores] [2026-08-22 02:35:46 UTC] Fetching scoreboard: week=2 season=2026 type=pre
  16 games
[Live Scores] Fetching player box scores...
  176 players with recorded stats
  OK -> fantasai/live/scoreboard_2026_pre_2.json
  OK -> fantasai/live/player_stats_2026_pre_2.json
  OK -> fantasai/live/index.json
[Live Scores] [2026-08-22 02:35:49 UTC] Polling: GB@DEN (In Progress)
  top scorers in the game(s) being polled:
    RJ Harvey              RB   DEN   10.0 pts
    MarShawn Lloyd         RB   GB     9.3 pts
    Will Sheppard          WR   GB     7.7 pts
    Bo Nix                 QB   DEN    7.0 pts
    Jordan Love            QB   GB     6.2 pts
[Live Scores] pre week 2: tier=live — next poll in 60s
[Live Scores] [2026-08-22 02:36:49 UTC] Fetching scoreboard: week=2 season=2026 type=pre
  16 games
[Live Scores] Fetching player box scores...
  176 players with recorded stats
  OK -> fantasai/live/scoreboard_2026_pre_2.json
  OK -> fantasai/live/player_stats_2026_pre_2.json
  OK -> fantasai/live/index.json
[Live Scores] [2026-08-22 02:36:52 UTC] Polling: GB@DEN (In Progress)
  top scorers in the game(s) being polled:
    RJ Harvey              RB   DEN   10.0 pts
    MarShawn Lloyd         RB   GB     9.3 pts
    Will Sheppard          WR   GB     7.7 pts
    Bo Nix                 QB   DEN    7.0 pts
    Jordan Love            QB   GB     6.2 pts
[Live Scores] pre week 2: tier=live — next poll in 60s
[Live Scores] [2026-08-22 02:37:52 UTC] Fetching scoreboard: week=2 season=2026 type=pre
  16 games
[Live Scores] Fetching player box scores...
  176 players with recorded stats
  OK -> fantasai/live/scoreboard_2026_pre_2.json
  OK -> fantasai/live/player_stats_2026_pre_2.json
  OK -> fantasai/live/index.json
[Live Scores] [2026-08-22 02:37:55 UTC] Polling: GB@DEN (In Progress)
  top scorers in the game(s) being polled:
    RJ Harvey              RB   DEN   10.0 pts
    MarShawn Lloyd         RB   GB     9.3 pts
    Will Sheppard          WR   GB     7.7 pts
    Bo Nix                 QB   DEN    7.0 pts
    Jordan Love            QB   GB     6.2 pts
[Live Scores] pre week 2: tier=live — next poll in 60s
[Live Scores] [2026-08-22 02:38:55 UTC] Fetching scoreboard: week=2 season=2026 type=pre
  16 games
[Live Scores] Fetching player box scores...
  176 players with recorded stats
  OK -> fantasai/live/scoreboard_2026_pre_2.json
  OK -> fantasai/live/player_stats_2026_pre_2.json
  OK -> fantasai/live/index.json
[Live Scores] [2026-08-22 02:38:58 UTC] Polling: GB@DEN (In Progress)
  top scorers in the game(s) being polled:
    RJ Harvey              RB   DEN   10.0 pts
    MarShawn Lloyd         RB   GB     9.3 pts
    Will Sheppard          WR   GB     7.7 pts
    Bo Nix                 QB   DEN    7.0 pts
    Jordan Love            QB   GB     6.2 pts
[Live Scores] pre week 2: tier=live — next poll in 60s
[Live Scores] [2026-08-22 02:39:58 UTC] Fetching scoreboard: week=2 season=2026 type=pre
  16 games
[Live Scores] Fetching player box scores...
  176 players with recorded stats
  OK -> fantasai/live/scoreboard_2026_pre_2.json
  OK -> fantasai/live/player_stats_2026_pre_2.json
  OK -> fantasai/live/index.json
[Live Scores] [2026-08-22 02:40:01 UTC] Polling: GB@DEN (In Progress)
  top scorers in the game(s) being polled:
    RJ Harvey              RB   DEN   10.0 pts
    MarShawn Lloyd         RB   GB     9.3 pts
    Will Sheppard          WR   GB     7.7 pts
    Bo Nix                 QB   DEN    7.0 pts
    Jordan Love            QB   GB     6.2 pts
[Live Scores] pre week 2: tier=live — next poll in 60s
[Live Scores] [2026-08-22 02:41:01 UTC] Fetching scoreboard: week=2 season=2026 type=pre
  16 games
[Live Scores] Fetching player box scores...
  176 players with recorded stats
  OK -> fantasai/live/scoreboard_2026_pre_2.json
  OK -> fantasai/live/player_stats_2026_pre_2.json
  OK -> fantasai/live/index.json
[Live Scores] [2026-08-22 02:41:04 UTC] Polling: GB@DEN (In Progress)
  top scorers in the game(s) being polled:
    RJ Harvey              RB   DEN   10.0 pts
    MarShawn Lloyd         RB   GB     9.3 pts
    Will Sheppard          WR   GB     9.1 pts
    Bo Nix                 QB   DEN    7.0 pts
    Jordan Love            QB   GB     6.2 pts
[Live Scores] pre week 2: tier=live — next poll in 60s
[Live Scores] [2026-08-22 02:42:04 UTC] Fetching scoreboard: week=2 season=2026 type=pre
  16 games
[Live Scores] Fetching player box scores...
  176 players with recorded stats
  OK -> fantasai/live/scoreboard_2026_pre_2.json
  OK -> fantasai/live/player_stats_2026_pre_2.json
  OK -> fantasai/live/index.json
[Live Scores] [2026-08-22 02:42:07 UTC] Polling: GB@DEN (Halftime)
  top scorers in the game(s) being polled:
    RJ Harvey              RB   DEN   10.0 pts
    MarShawn Lloyd         RB   GB     9.3 pts
    Will Sheppard          WR   GB     9.1 pts
    Bo Nix                 QB   DEN    7.0 pts
    Jordan Love            QB   GB     6.2 pts
[Live Scores] pre week 2: tier=halftime — next poll in 120s
[Live Scores] [2026-08-22 02:44:07 UTC] Fetching scoreboard: week=2 season=2026 type=pre
  16 games
[Live Scores] Fetching player box scores...
  176 players with recorded stats
  OK -> fantasai/live/scoreboard_2026_pre_2.json
  OK -> fantasai/live/player_stats_2026_pre_2.json
  OK -> fantasai/live/index.json
[Live Scores] [2026-08-22 02:44:09 UTC] Polling: GB@DEN (Halftime)
  top scorers in the game(s) being polled:
    RJ Harvey              RB   DEN   10.0 pts
    MarShawn Lloyd         RB   GB     9.3 pts
    Will Sheppard          WR   GB     9.1 pts
    Bo Nix                 QB   DEN    7.0 pts
    Jordan Love            QB   GB     6.2 pts
[Live Scores] pre week 2: tier=halftime — next poll in 120s
[Live Scores] [2026-08-22 02:46:09 UTC] Fetching scoreboard: week=2 season=2026 type=pre
  16 games
[Live Scores] Fetching player box scores...
  176 players with recorded stats
  OK -> fantasai/live/scoreboard_2026_pre_2.json
  OK -> fantasai/live/player_stats_2026_pre_2.json
  OK -> fantasai/live/index.json
[Live Scores] [2026-08-22 02:46:12 UTC] Polling: GB@DEN (Halftime)
  top scorers in the game(s) being polled:
    RJ Harvey              RB   DEN   10.0 pts
    MarShawn Lloyd         RB   GB     9.3 pts
    Will Sheppard          WR   GB     9.1 pts
    Bo Nix                 QB   DEN    7.0 pts
    Jordan Love            QB   GB     6.2 pts
[Live Scores] pre week 2: tier=halftime — next poll in 120s
[Live Scores] [2026-08-22 02:48:12 UTC] Fetching scoreboard: week=2 season=2026 type=pre
  16 games
[Live Scores] Fetching player box scores...
  176 players with recorded stats
  OK -> fantasai/live/scoreboard_2026_pre_2.json
  OK -> fantasai/live/player_stats_2026_pre_2.json
  OK -> fantasai/live/index.json
[Live Scores] [2026-08-22 02:48:15 UTC] Polling: GB@DEN (Halftime)
  top scorers in the game(s) being polled:
    RJ Harvey              RB   DEN   10.0 pts
    MarShawn Lloyd         RB   GB     9.3 pts
    Will Sheppard          WR   GB     9.1 pts
    Bo Nix                 QB   DEN    7.0 pts
    Jordan Love            QB   GB     6.2 pts
[Live Scores] pre week 2: tier=halftime — next poll in 120s
[Live Scores] [2026-08-22 02:50:15 UTC] Fetching scoreboard: week=2 season=2026 type=pre
  16 games
[Live Scores] Fetching player box scores...
  176 players with recorded stats
  OK -> fantasai/live/scoreboard_2026_pre_2.json
  OK -> fantasai/live/player_stats_2026_pre_2.json
  OK -> fantasai/live/index.json
[Live Scores] [2026-08-22 02:50:17 UTC] Polling: GB@DEN (Halftime)
  top scorers in the game(s) being polled:
    RJ Harvey              RB   DEN   10.0 pts
    MarShawn Lloyd         RB   GB     9.3 pts
    Will Sheppard          WR   GB     9.1 pts
    Bo Nix                 QB   DEN    7.0 pts
    Jordan Love            QB   GB     6.2 pts
[Live Scores] pre week 2: tier=halftime — next poll in 120s
[Live Scores] [2026-08-22 02:52:17 UTC] Fetching scoreboard: week=2 season=2026 type=pre
  16 games
[Live Scores] Fetching player box scores...
  176 players with recorded stats
  OK -> fantasai/live/scoreboard_2026_pre_2.json
  OK -> fantasai/live/player_stats_2026_pre_2.json
  OK -> fantasai/live/index.json
[Live Scores] [2026-08-22 02:52:20 UTC] Polling: GB@DEN (Halftime)
  top scorers in the game(s) being polled:
    RJ Harvey              RB   DEN   10.0 pts
    MarShawn Lloyd         RB   GB     9.3 pts
    Will Sheppard          WR   GB     9.1 pts
    Bo Nix                 QB   DEN    7.0 pts
    Jordan Love            QB   GB     6.2 pts
[Live Scores] pre week 2: tier=halftime — next poll in 120s
[Live Scores] [2026-08-22 02:54:20 UTC] Fetching scoreboard: week=2 season=2026 type=pre
  16 games
[Live Scores] Fetching player box scores...
  176 players with recorded stats
  OK -> fantasai/live/scoreboard_2026_pre_2.json
  OK -> fantasai/live/player_stats_2026_pre_2.json
  OK -> fantasai/live/index.json
[Live Scores] [2026-08-22 02:54:23 UTC] Polling: GB@DEN (Halftime)
  top scorers in the game(s) being polled:
    RJ Harvey              RB   DEN   10.0 pts
    MarShawn Lloyd         RB   GB     9.3 pts
    Will Sheppard          WR   GB     9.1 pts
    Bo Nix                 QB   DEN    7.0 pts
    Jordan Love            QB   GB     6.2 pts
[Live Scores] pre week 2: tier=halftime — next poll in 120s
[Live Scores] [2026-08-22 02:56:23 UTC] Fetching scoreboard: week=2 season=2026 type=pre
  16 games
[Live Scores] Fetching player box scores...
  176 players with recorded stats
  OK -> fantasai/live/scoreboard_2026_pre_2.json
  OK -> fantasai/live/player_stats_2026_pre_2.json
  OK -> fantasai/live/index.json
[Live Scores] [2026-08-22 02:56:26 UTC] Polling: GB@DEN (Halftime)
  top scorers in the game(s) being polled:
    RJ Harvey              RB   DEN   10.0 pts
    MarShawn Lloyd         RB   GB     9.3 pts
    Will Sheppard          WR   GB     9.1 pts
    Bo Nix                 QB   DEN    7.0 pts
    Jordan Love            QB   GB     6.2 pts
[Live Scores] pre week 2: tier=halftime — next poll in 120s
[Live Scores] [2026-08-22 02:58:26 UTC] Fetching scoreboard: week=2 season=2026 type=pre
  16 games
[Live Scores] Fetching player box scores...
  177 players with recorded stats
  OK -> fantasai/live/scoreboard_2026_pre_2.json
  OK -> fantasai/live/player_stats_2026_pre_2.json
  OK -> fantasai/live/index.json
[Live Scores] [2026-08-22 02:58:28 UTC] Polling: GB@DEN (In Progress)
  top scorers in the game(s) being polled:
    RJ Harvey              RB   DEN   10.0 pts
    MarShawn Lloyd         RB   GB     9.3 pts
    Will Sheppard          WR   GB     9.1 pts
    Bo Nix                 QB   DEN    7.0 pts
    Jordan Love            QB   GB     6.2 pts
[Live Scores] pre week 2: tier=live — next poll in 60s
[Live Scores] [2026-08-22 02:59:28 UTC] Fetching scoreboard: week=2 season=2026 type=pre
  16 games
[Live Scores] Fetching player box scores...
  177 players with recorded stats
  OK -> fantasai/live/scoreboard_2026_pre_2.json
  OK -> fantasai/live/player_stats_2026_pre_2.json
  OK -> fantasai/live/index.json
[Live Scores] [2026-08-22 02:59:31 UTC] Polling: GB@DEN (In Progress)
  top scorers in the game(s) being polled:
    RJ Harvey              RB   DEN   10.0 pts
    MarShawn Lloyd         RB   GB     9.3 pts
    Will Sheppard          WR   GB     9.1 pts
    Bo Nix                 QB   DEN    7.0 pts
    Jordan Love            QB   GB     6.2 pts
[Live Scores] pre week 2: tier=live — next poll in 60s
[Live Scores] [2026-08-22 03:00:31 UTC] Fetching scoreboard: week=2 season=2026 type=pre
  16 games
[Live Scores] Fetching player box scores...
  178 players with recorded stats
  OK -> fantasai/live/scoreboard_2026_pre_2.json
  OK -> fantasai/live/player_stats_2026_pre_2.json
  OK -> fantasai/live/index.json
[Live Scores] [2026-08-22 03:00:34 UTC] Polling: GB@DEN (In Progress)
  top scorers in the game(s) being polled:
    RJ Harvey              RB   DEN   10.0 pts
    MarShawn Lloyd         RB   GB     9.3 pts
    Will Sheppard          WR   GB     9.1 pts
    Bo Nix                 QB   DEN    7.0 pts
    Jordan Love            QB   GB     6.2 pts
[Live Scores] pre week 2: tier=live — next poll in 60s
[Live Scores] [2026-08-22 03:01:34 UTC] Fetching scoreboard: week=2 season=2026 type=pre
  16 games
[Live Scores] Fetching player box scores...
  178 players with recorded stats
  OK -> fantasai/live/scoreboard_2026_pre_2.json
  OK -> fantasai/live/player_stats_2026_pre_2.json
  OK -> fantasai/live/index.json
[Live Scores] [2026-08-22 03:01:37 UTC] Polling: GB@DEN (In Progress)
  top scorers in the game(s) being polled:
    RJ Harvey              RB   DEN   10.0 pts
    MarShawn Lloyd         RB   GB     9.3 pts
    Will Sheppard          WR   GB     9.1 pts
    Bo Nix                 QB   DEN    7.0 pts
    Jordan Love            QB   GB     6.2 pts
[Live Scores] pre week 2: tier=live — next poll in 60s
[Live Scores] [2026-08-22 03:02:37 UTC] Fetching scoreboard: week=2 season=2026 type=pre
  16 games
[Live Scores] Fetching player box scores...
  178 players with recorded stats
  OK -> fantasai/live/scoreboard_2026_pre_2.json
  OK -> fantasai/live/player_stats_2026_pre_2.json
  OK -> fantasai/live/index.json
[Live Scores] [2026-08-22 03:02:40 UTC] Polling: GB@DEN (In Progress)
  top scorers in the game(s) being polled:
    RJ Harvey              RB   DEN   10.0 pts
    MarShawn Lloyd         RB   GB     9.3 pts
    Will Sheppard          WR   GB     9.1 pts
    Bo Nix                 QB   DEN    7.0 pts
    Jordan Love            QB   GB     6.2 pts
[Live Scores] pre week 2: tier=live — next poll in 60s
[Live Scores] [2026-08-22 03:03:40 UTC] Fetching scoreboard: week=2 season=2026 type=pre
  16 games
[Live Scores] Fetching player box scores...
  178 players with recorded stats
  OK -> fantasai/live/scoreboard_2026_pre_2.json
  OK -> fantasai/live/player_stats_2026_pre_2.json
  OK -> fantasai/live/index.json
[Live Scores] [2026-08-22 03:03:43 UTC] Polling: GB@DEN (In Progress)
  top scorers in the game(s) being polled:
    RJ Harvey              RB   DEN   10.0 pts
    MarShawn Lloyd         RB   GB     9.3 pts
    Will Sheppard          WR   GB     9.1 pts
    Bo Nix                 QB   DEN    7.0 pts
    Jordan Love            QB   GB     6.2 pts
[Live Scores] pre week 2: tier=live — next poll in 60s
[Live Scores] [2026-08-22 03:04:43 UTC] Fetching scoreboard: week=2 season=2026 type=pre
  16 games
[Live Scores] Fetching player box scores...
  178 players with recorded stats
  OK -> fantasai/live/scoreboard_2026_pre_2.json
  OK -> fantasai/live/player_stats_2026_pre_2.json
  OK -> fantasai/live/index.json
[Live Scores] [2026-08-22 03:04:46 UTC] Polling: GB@DEN (In Progress)
  top scorers in the game(s) being polled:
    RJ Harvey              RB   DEN   10.0 pts
    MarShawn Lloyd         RB   GB     9.3 pts
    Will Sheppard          WR   GB     9.1 pts
    Bo Nix                 QB   DEN    7.0 pts
    Jordan Love            QB   GB     6.2 pts
[Live Scores] pre week 2: tier=live — next poll in 60s
[Live Scores] [2026-08-22 03:05:46 UTC] Fetching scoreboard: week=2 season=2026 type=pre
  16 games
[Live Scores] Fetching player box scores...
  179 players with recorded stats
  OK -> fantasai/live/scoreboard_2026_pre_2.json
  OK -> fantasai/live/player_stats_2026_pre_2.json
  OK -> fantasai/live/index.json
[Live Scores] [2026-08-22 03:05:49 UTC] Polling: GB@DEN (In Progress)
  top scorers in the game(s) being polled:
    RJ Harvey              RB   DEN   10.0 pts
    MarShawn Lloyd         RB   GB     9.3 pts
    Will Sheppard          WR   GB     9.1 pts
    Bo Nix                 QB   DEN    7.0 pts
    Jordan Love            QB   GB     6.2 pts
[Live Scores] pre week 2: tier=live — next poll in 60s
[Live Scores] [2026-08-22 03:06:49 UTC] Fetching scoreboard: week=2 season=2026 type=pre
  16 games
[Live Scores] Fetching player box scores...
  179 players with recorded stats
  OK -> fantasai/live/scoreboard_2026_pre_2.json
  OK -> fantasai/live/player_stats_2026_pre_2.json
  OK -> fantasai/live/index.json
[Live Scores] [2026-08-22 03:06:52 UTC] Polling: GB@DEN (In Progress)
  top scorers in the game(s) being polled:
    RJ Harvey              RB   DEN   10.0 pts
    MarShawn Lloyd         RB   GB     9.3 pts
    Will Sheppard          WR   GB     9.1 pts
    Bo Nix                 QB   DEN    7.0 pts
    Jordan Love            QB   GB     6.2 pts
[Live Scores] pre week 2: tier=live — next poll in 60s
[Live Scores] [2026-08-22 03:07:52 UTC] Fetching scoreboard: week=2 season=2026 type=pre
  16 games
[Live Scores] Fetching player box scores...
  180 players with recorded stats
  OK -> fantasai/live/scoreboard_2026_pre_2.json
  OK -> fantasai/live/player_stats_2026_pre_2.json
  OK -> fantasai/live/index.json
[Live Scores] [2026-08-22 03:07:56 UTC] Polling: GB@DEN (In Progress)
  top scorers in the game(s) being polled:
    RJ Harvey              RB   DEN   10.0 pts
    MarShawn Lloyd         RB   GB     9.3 pts
    Will Sheppard          WR   GB     9.1 pts
    Bo Nix                 QB   DEN    7.0 pts
    Jordan Love            QB   GB     6.2 pts
[Live Scores] pre week 2: tier=live — next poll in 60s
[Live Scores] [2026-08-22 03:08:56 UTC] Fetching scoreboard: week=2 season=2026 type=pre
  16 games
[Live Scores] Fetching player box scores...
  180 players with recorded stats
  OK -> fantasai/live/scoreboard_2026_pre_2.json
  OK -> fantasai/live/player_stats_2026_pre_2.json
  OK -> fantasai/live/index.json
[Live Scores] [2026-08-22 03:08:59 UTC] Polling: GB@DEN (In Progress)
  top scorers in the game(s) being polled:
    RJ Harvey              RB   DEN   10.0 pts
    MarShawn Lloyd         RB   GB     9.3 pts
    Will Sheppard          WR   GB     9.1 pts
    Bo Nix                 QB   DEN    7.0 pts
    Jordan Love            QB   GB     6.2 pts
[Live Scores] pre week 2: tier=live — next poll in 60s
[Live Scores] [2026-08-22 03:09:59 UTC] Fetching scoreboard: week=2 season=2026 type=pre
  16 games
[Live Scores] Fetching player box scores...
  180 players with recorded stats
  OK -> fantasai/live/scoreboard_2026_pre_2.json
  OK -> fantasai/live/player_stats_2026_pre_2.json
  OK -> fantasai/live/index.json
[Live Scores] [2026-08-22 03:10:01 UTC] Polling: GB@DEN (In Progress)
  top scorers in the game(s) being polled:
    RJ Harvey              RB   DEN   10.0 pts
    MarShawn Lloyd         RB   GB     9.3 pts
    Will Sheppard          WR   GB     9.1 pts
    Bo Nix                 QB   DEN    7.0 pts
    Jordan Love            QB   GB     6.2 pts
[Live Scores] pre week 2: tier=live — next poll in 60s
[Live Scores] [2026-08-22 03:11:01 UTC] Fetching scoreboard: week=2 season=2026 type=pre
  16 games
[Live Scores] Fetching player box scores...
  180 players with recorded stats
  OK -> fantasai/live/scoreboard_2026_pre_2.json
  OK -> fantasai/live/player_stats_2026_pre_2.json
  OK -> fantasai/live/index.json
[Live Scores] [2026-08-22 03:11:04 UTC] Polling: GB@DEN (In Progress)
  top scorers in the game(s) being polled:
    RJ Harvey              RB   DEN   10.0 pts
    MarShawn Lloyd         RB   GB     9.3 pts
    Will Sheppard          WR   GB     9.1 pts
    Bo Nix                 QB   DEN    7.0 pts
    Jordan Love            QB   GB     6.2 pts
[Live Scores] pre week 2: tier=live — next poll in 60s
[Live Scores] [2026-08-22 03:12:04 UTC] Fetching scoreboard: week=2 season=2026 type=pre
  16 games
[Live Scores] Fetching player box scores...
  180 players with recorded stats
  OK -> fantasai/live/scoreboard_2026_pre_2.json
  OK -> fantasai/live/player_stats_2026_pre_2.json
  OK -> fantasai/live/index.json
[Live Scores] [2026-08-22 03:12:07 UTC] Polling: GB@DEN (In Progress)
  top scorers in the game(s) being polled:
    RJ Harvey              RB   DEN   10.0 pts
    MarShawn Lloyd         RB   GB     9.3 pts
    Will Sheppard          WR   GB     9.1 pts
    Bo Nix                 QB   DEN    7.0 pts
    Jordan Love            QB   GB     6.2 pts
[Live Scores] pre week 2: tier=live — next poll in 60s
[Live Scores] [2026-08-22 03:13:07 UTC] Fetching scoreboard: week=2 season=2026 type=pre
  16 games
[Live Scores] Fetching player box scores...
  180 players with recorded stats
  OK -> fantasai/live/scoreboard_2026_pre_2.json
  OK -> fantasai/live/player_stats_2026_pre_2.json
  OK -> fantasai/live/index.json
[Live Scores] [2026-08-22 03:13:10 UTC] Polling: GB@DEN (In Progress)
  top scorers in the game(s) being polled:
    RJ Harvey              RB   DEN   10.0 pts
    MarShawn Lloyd         RB   GB     9.3 pts
    Will Sheppard          WR   GB     9.1 pts
    Bo Nix                 QB   DEN    7.0 pts
    Jordan Love            QB   GB     6.2 pts
[Live Scores] pre week 2: tier=live — next poll in 60s
[Live Scores] [2026-08-22 03:14:10 UTC] Fetching scoreboard: week=2 season=2026 type=pre
  16 games
[Live Scores] Fetching player box scores...
  180 players with recorded stats
  OK -> fantasai/live/scoreboard_2026_pre_2.json
  OK -> fantasai/live/player_stats_2026_pre_2.json
  OK -> fantasai/live/index.json
[Live Scores] [2026-08-22 03:14:13 UTC] Polling: GB@DEN (In Progress)
  top scorers in the game(s) being polled:
    RJ Harvey              RB   DEN   10.0 pts
    MarShawn Lloyd         RB   GB     9.3 pts
    Will Sheppard          WR   GB     9.1 pts
    Bo Nix                 QB   DEN    7.0 pts
    Jordan Love            QB   GB     6.2 pts
[Live Scores] pre week 2: tier=live — next poll in 60s
[Live Scores] [2026-08-22 03:15:13 UTC] Fetching scoreboard: week=2 season=2026 type=pre
  16 games
[Live Scores] Fetching player box scores...
  180 players with recorded stats
  OK -> fantasai/live/scoreboard_2026_pre_2.json
  OK -> fantasai/live/player_stats_2026_pre_2.json
  OK -> fantasai/live/index.json
[Live Scores] [2026-08-22 03:15:16 UTC] Polling: GB@DEN (In Progress)
  top scorers in the game(s) being polled:
    RJ Harvey              RB   DEN   10.0 pts
    MarShawn Lloyd         RB   GB     9.3 pts
    Will Sheppard          WR   GB     9.1 pts
    Bo Nix                 QB   DEN    7.0 pts
    Jordan Love            QB   GB     6.2 pts
[Live Scores] pre week 2: tier=live — next poll in 60s
[Live Scores] [2026-08-22 03:16:16 UTC] Fetching scoreboard: week=2 season=2026 type=pre
  16 games
[Live Scores] Fetching player box scores...
  180 players with recorded stats
  OK -> fantasai/live/scoreboard_2026_pre_2.json
  OK -> fantasai/live/player_stats_2026_pre_2.json
  OK -> fantasai/live/index.json
[Live Scores] [2026-08-22 03:16:18 UTC] Polling: GB@DEN (In Progress)
  top scorers in the game(s) being polled:
    RJ Harvey              RB   DEN   10.0 pts
    MarShawn Lloyd         RB   GB     9.3 pts
    Will Sheppard          WR   GB     9.1 pts
    Bo Nix                 QB   DEN    7.0 pts
    Jordan Love            QB   GB     6.2 pts
[Live Scores] pre week 2: tier=live — next poll in 60s
[Live Scores] [2026-08-22 03:17:18 UTC] Fetching scoreboard: week=2 season=2026 type=pre
  16 games
[Live Scores] Fetching player box scores...
  181 players with recorded stats
  OK -> fantasai/live/scoreboard_2026_pre_2.json
  OK -> fantasai/live/player_stats_2026_pre_2.json
  OK -> fantasai/live/index.json
[Live Scores] [2026-08-22 03:17:21 UTC] Polling: GB@DEN (In Progress)
  top scorers in the game(s) being polled:
    RJ Harvey              RB   DEN   10.0 pts
    MarShawn Lloyd         RB   GB     9.3 pts
    Will Sheppard          WR   GB     9.1 pts
    Bo Nix                 QB   DEN    7.0 pts
    Jordan Love            QB   GB     6.2 pts
[Live Scores] pre week 2: tier=live — next poll in 60s
[Live Scores] [2026-08-22 03:18:21 UTC] Fetching scoreboard: week=2 season=2026 type=pre
  16 games
[Live Scores] Fetching player box scores...
  181 players with recorded stats
  OK -> fantasai/live/scoreboard_2026_pre_2.json
  OK -> fantasai/live/player_stats_2026_pre_2.json
  OK -> fantasai/live/index.json
[Live Scores] [2026-08-22 03:18:24 UTC] Polling: GB@DEN (In Progress)
  top scorers in the game(s) being polled:
    RJ Harvey              RB   DEN   10.0 pts
    MarShawn Lloyd         RB   GB     9.3 pts
    Will Sheppard          WR   GB     9.1 pts
    Bo Nix                 QB   DEN    7.0 pts
    Jordan Love            QB   GB     6.2 pts
[Live Scores] pre week 2: tier=live — next poll in 60s
[Live Scores] [2026-08-22 03:19:24 UTC] Fetching scoreboard: week=2 season=2026 type=pre
  16 games
[Live Scores] Fetching player box scores...
  181 players with recorded stats
  OK -> fantasai/live/scoreboard_2026_pre_2.json
  OK -> fantasai/live/player_stats_2026_pre_2.json
  OK -> fantasai/live/index.json
[Live Scores] [2026-08-22 03:19:27 UTC] Polling: GB@DEN (In Progress)
  top scorers in the game(s) being polled:
    RJ Harvey              RB   DEN   10.0 pts
    MarShawn Lloyd         RB   GB     9.3 pts
    Will Sheppard          WR   GB     9.1 pts
    Bo Nix                 QB   DEN    7.0 pts
    Jordan Love            QB   GB     6.2 pts
[Live Scores] pre week 2: tier=live — next poll in 60s
[Live Scores] [2026-08-22 03:20:27 UTC] Fetching scoreboard: week=2 season=2026 type=pre
  16 games
[Live Scores] Fetching player box scores...
  181 players with recorded stats
  OK -> fantasai/live/scoreboard_2026_pre_2.json
  OK -> fantasai/live/player_stats_2026_pre_2.json
  OK -> fantasai/live/index.json
[Live Scores] [2026-08-22 03:20:30 UTC] Polling: GB@DEN (In Progress)
  top scorers in the game(s) being polled:
    RJ Harvey              RB   DEN   10.0 pts
    MarShawn Lloyd         RB   GB     9.3 pts
    Will Sheppard          WR   GB     9.1 pts
    Bo Nix                 QB   DEN    7.0 pts
    Jordan Love            QB   GB     6.2 pts
[Live Scores] pre week 2: tier=live — next poll in 60s
[Live Scores] [2026-08-22 03:21:30 UTC] Fetching scoreboard: week=2 season=2026 type=pre
  16 games
[Live Scores] Fetching player box scores...
  181 players with recorded stats
  OK -> fantasai/live/scoreboard_2026_pre_2.json
  OK -> fantasai/live/player_stats_2026_pre_2.json
  OK -> fantasai/live/index.json
[Live Scores] [2026-08-22 03:21:33 UTC] Polling: GB@DEN (In Progress)
  top scorers in the game(s) being polled:
    RJ Harvey              RB   DEN   10.0 pts
    MarShawn Lloyd         RB   GB     9.3 pts
    Will Sheppard          WR   GB     9.1 pts
    Bo Nix                 QB   DEN    7.0 pts
    Jordan Love            QB   GB     6.2 pts
[Live Scores] pre week 2: tier=live — next poll in 60s
[Live Scores] [2026-08-22 03:22:33 UTC] Fetching scoreboard: week=2 season=2026 type=pre
  16 games
[Live Scores] Fetching player box scores...
  181 players with recorded stats
  OK -> fantasai/live/scoreboard_2026_pre_2.json
  OK -> fantasai/live/player_stats_2026_pre_2.json
  OK -> fantasai/live/index.json
[Live Scores] [2026-08-22 03:22:36 UTC] Polling: GB@DEN (In Progress)
  top scorers in the game(s) being polled:
    RJ Harvey              RB   DEN   10.0 pts
    MarShawn Lloyd         RB   GB     9.3 pts
    Will Sheppard          WR   GB     9.1 pts
    Bo Nix                 QB   DEN    7.0 pts
    Jordan Love            QB   GB     6.2 pts
[Live Scores] pre week 2: tier=live — next poll in 60s
[Live Scores] [2026-08-22 03:23:36 UTC] Fetching scoreboard: week=2 season=2026 type=pre
  16 games
[Live Scores] Fetching player box scores...
  181 players with recorded stats
  OK -> fantasai/live/scoreboard_2026_pre_2.json
  OK -> fantasai/live/player_stats_2026_pre_2.json
  OK -> fantasai/live/index.json
[Live Scores] [2026-08-22 03:23:40 UTC] Polling: GB@DEN (In Progress)
  top scorers in the game(s) being polled:
    RJ Harvey              RB   DEN   10.0 pts
    MarShawn Lloyd         RB   GB     9.3 pts
    Will Sheppard          WR   GB     9.1 pts
    Bo Nix                 QB   DEN    7.0 pts
    Jordan Love            QB   GB     6.2 pts
[Live Scores] pre week 2: tier=live — next poll in 60s
[Live Scores] [2026-08-22 03:24:40 UTC] Fetching scoreboard: week=2 season=2026 type=pre
  16 games
[Live Scores] Fetching player box scores...
  181 players with recorded stats
  OK -> fantasai/live/scoreboard_2026_pre_2.json
  OK -> fantasai/live/player_stats_2026_pre_2.json
  OK -> fantasai/live/index.json
[Live Scores] [2026-08-22 03:24:42 UTC] Polling: GB@DEN (In Progress)
  top scorers in the game(s) being polled:
    RJ Harvey              RB   DEN   10.0 pts
    MarShawn Lloyd         RB   GB     9.3 pts
    Will Sheppard          WR   GB     9.1 pts
    Bo Nix                 QB   DEN    7.0 pts
    Jordan Love            QB   GB     6.2 pts
[Live Scores] pre week 2: tier=live — next poll in 60s
[Live Scores] [2026-08-22 03:25:42 UTC] Fetching scoreboard: week=2 season=2026 type=pre
  16 games
[Live Scores] Fetching player box scores...
  181 players with recorded stats
  OK -> fantasai/live/scoreboard_2026_pre_2.json
  OK -> fantasai/live/player_stats_2026_pre_2.json
  OK -> fantasai/live/index.json
[Live Scores] [2026-08-22 03:25:45 UTC] Polling: GB@DEN (End of Period)
  top scorers in the game(s) being polled:
    RJ Harvey              RB   DEN   10.0 pts
    MarShawn Lloyd         RB   GB     9.3 pts
    Will Sheppard          WR   GB     9.1 pts
    Bo Nix                 QB   DEN    7.0 pts
    Jordan Love            QB   GB     6.2 pts
[Live Scores] pre week 2: tier=live — next poll in 60s
[Live Scores] [2026-08-22 03:26:45 UTC] Fetching scoreboard: week=2 season=2026 type=pre
  16 games
[Live Scores] Fetching player box scores...
  181 players with recorded stats
  OK -> fantasai/live/scoreboard_2026_pre_2.json
  OK -> fantasai/live/player_stats_2026_pre_2.json
  OK -> fantasai/live/index.json
[Live Scores] [2026-08-22 03:26:48 UTC] Polling: GB@DEN (End of Period)
  top scorers in the game(s) being polled:
    RJ Harvey              RB   DEN   10.0 pts
    MarShawn Lloyd         RB   GB     9.3 pts
    Will Sheppard          WR   GB     9.1 pts
    Bo Nix                 QB   DEN    7.0 pts
    Jordan Love            QB   GB     6.2 pts
[Live Scores] pre week 2: tier=live — next poll in 60s
[Live Scores] [2026-08-22 03:27:48 UTC] Fetching scoreboard: week=2 season=2026 type=pre
  16 games
[Live Scores] Fetching player box scores...
  181 players with recorded stats
  OK -> fantasai/live/scoreboard_2026_pre_2.json
  OK -> fantasai/live/player_stats_2026_pre_2.json
  OK -> fantasai/live/index.json
[Live Scores] [2026-08-22 03:27:50 UTC] Polling: GB@DEN (In Progress)
  top scorers in the game(s) being polled:
    RJ Harvey              RB   DEN   10.0 pts
    MarShawn Lloyd         RB   GB     9.3 pts
    Will Sheppard          WR   GB     9.1 pts
    Bo Nix                 QB   DEN    7.0 pts
    Jordan Love            QB   GB     6.2 pts
[Live Scores] pre week 2: tier=live — next poll in 60s
[Live Scores] [2026-08-22 03:28:50 UTC] Fetching scoreboard: week=2 season=2026 type=pre
  16 games
[Live Scores] Fetching player box scores...
  182 players with recorded stats
  OK -> fantasai/live/scoreboard_2026_pre_2.json
  OK -> fantasai/live/player_stats_2026_pre_2.json
  OK -> fantasai/live/index.json
[Live Scores] [2026-08-22 03:28:53 UTC] Polling: GB@DEN (In Progress)
  top scorers in the game(s) being polled:
    RJ Harvey              RB   DEN   10.0 pts
    MarShawn Lloyd         RB   GB     9.3 pts
    Will Sheppard          WR   GB     9.1 pts
    Bo Nix                 QB   DEN    7.0 pts
    Jordan Love            QB   GB     6.2 pts
[Live Scores] pre week 2: tier=live — next poll in 60s
[Live Scores] [2026-08-22 03:29:53 UTC] Fetching scoreboard: week=2 season=2026 type=pre
  16 games
[Live Scores] Fetching player box scores...
  182 players with recorded stats
  OK -> fantasai/live/scoreboard_2026_pre_2.json
  OK -> fantasai/live/player_stats_2026_pre_2.json
  OK -> fantasai/live/index.json
[Live Scores] [2026-08-22 03:29:56 UTC] Polling: GB@DEN (In Progress)
  top scorers in the game(s) being polled:
    Will Sheppard          WR   GB    10.2 pts
    RJ Harvey              RB   DEN   10.0 pts
    MarShawn Lloyd         RB   GB     9.3 pts
    Bo Nix                 QB   DEN    7.0 pts
    Jordan Love            QB   GB     6.2 pts
[Live Scores] pre week 2: tier=live — next poll in 60s
[Live Scores] [2026-08-22 03:30:56 UTC] Fetching scoreboard: week=2 season=2026 type=pre
  16 games
[Live Scores] Fetching player box scores...
  182 players with recorded stats
  OK -> fantasai/live/scoreboard_2026_pre_2.json
  OK -> fantasai/live/player_stats_2026_pre_2.json
  OK -> fantasai/live/index.json
[Live Scores] [2026-08-22 03:30:59 UTC] Polling: GB@DEN (In Progress)
  top scorers in the game(s) being polled:
    Will Sheppard          WR   GB    10.2 pts
    RJ Harvey              RB   DEN   10.0 pts
    MarShawn Lloyd         RB   GB     9.3 pts
    Bo Nix                 QB   DEN    7.0 pts
    Jordan Love            QB   GB     6.2 pts
[Live Scores] pre week 2: tier=live — next poll in 60s
[Live Scores] [2026-08-22 03:31:59 UTC] Fetching scoreboard: week=2 season=2026 type=pre
  16 games
[Live Scores] Fetching player box scores...
  182 players with recorded stats
  OK -> fantasai/live/scoreboard_2026_pre_2.json
  OK -> fantasai/live/player_stats_2026_pre_2.json
  OK -> fantasai/live/index.json
[Live Scores] [2026-08-22 03:32:02 UTC] Polling: GB@DEN (In Progress)
  top scorers in the game(s) being polled:
    Will Sheppard          WR   GB    10.2 pts
    RJ Harvey              RB   DEN   10.0 pts
    MarShawn Lloyd         RB   GB     9.3 pts
    Bo Nix                 QB   DEN    7.0 pts
    Jordan Love            QB   GB     6.2 pts
[Live Scores] pre week 2: tier=live — next poll in 60s
[Live Scores] [2026-08-22 03:33:02 UTC] Fetching scoreboard: week=2 season=2026 type=pre
  16 games
[Live Scores] Fetching player box scores...
  182 players with recorded stats
  OK -> fantasai/live/scoreboard_2026_pre_2.json
  OK -> fantasai/live/player_stats_2026_pre_2.json
  OK -> fantasai/live/index.json
[Live Scores] [2026-08-22 03:33:05 UTC] Polling: GB@DEN (In Progress)
  top scorers in the game(s) being polled:
    Will Sheppard          WR   GB    10.2 pts
    RJ Harvey              RB   DEN   10.0 pts
    MarShawn Lloyd         RB   GB     9.3 pts
    Jaden Nixon            RB   GB     7.6 pts
    Bo Nix                 QB   DEN    7.0 pts
[Live Scores] pre week 2: tier=live — next poll in 60s
[Live Scores] [2026-08-22 03:34:05 UTC] Fetching scoreboard: week=2 season=2026 type=pre
  16 games
[Live Scores] Fetching player box scores...
  182 players with recorded stats
  OK -> fantasai/live/scoreboard_2026_pre_2.json
  OK -> fantasai/live/player_stats_2026_pre_2.json
  OK -> fantasai/live/index.json
[Live Scores] [2026-08-22 03:34:07 UTC] Polling: GB@DEN (In Progress)
  top scorers in the game(s) being polled:
    Will Sheppard          WR   GB    10.2 pts
    RJ Harvey              RB   DEN   10.0 pts
    MarShawn Lloyd         RB   GB     9.3 pts
    Jaden Nixon            RB   GB     7.6 pts
    Bo Nix                 QB   DEN    7.0 pts
[Live Scores] pre week 2: tier=live — next poll in 60s
[Live Scores] [2026-08-22 03:35:07 UTC] Fetching scoreboard: week=2 season=2026 type=pre
  16 games
[Live Scores] Fetching player box scores...
  182 players with recorded stats
  OK -> fantasai/live/scoreboard_2026_pre_2.json
  OK -> fantasai/live/player_stats_2026_pre_2.json
  OK -> fantasai/live/index.json
[Live Scores] [2026-08-22 03:35:10 UTC] Polling: GB@DEN (In Progress)
  top scorers in the game(s) being polled:
    Will Sheppard          WR   GB    10.2 pts
    RJ Harvey              RB   DEN   10.0 pts
    MarShawn Lloyd         RB   GB     9.3 pts
    Jaden Nixon            RB   GB     7.6 pts
    Bo Nix                 QB   DEN    7.0 pts
[Live Scores] pre week 2: tier=live — next poll in 60s
[Live Scores] [2026-08-22 03:36:10 UTC] Fetching scoreboard: week=2 season=2026 type=pre
  16 games
[Live Scores] Fetching player box scores...
  182 players with recorded stats
  OK -> fantasai/live/scoreboard_2026_pre_2.json
  OK -> fantasai/live/player_stats_2026_pre_2.json
  OK -> fantasai/live/index.json
[Live Scores] [2026-08-22 03:36:13 UTC] Polling: GB@DEN (In Progress)
  top scorers in the game(s) being polled:
    Will Sheppard          WR   GB    10.2 pts
    RJ Harvey              RB   DEN   10.0 pts
    MarShawn Lloyd         RB   GB     9.3 pts
    Jaden Nixon            RB   GB     7.6 pts
    Bo Nix                 QB   DEN    7.0 pts
[Live Scores] pre week 2: tier=live — next poll in 60s
[Live Scores] [2026-08-22 03:37:13 UTC] Fetching scoreboard: week=2 season=2026 type=pre
  16 games
[Live Scores] Fetching player box scores...
  182 players with recorded stats
  OK -> fantasai/live/scoreboard_2026_pre_2.json
  OK -> fantasai/live/player_stats_2026_pre_2.json
  OK -> fantasai/live/index.json
[Live Scores] [2026-08-22 03:37:16 UTC] Polling: GB@DEN (In Progress)
  top scorers in the game(s) being polled:
    Will Sheppard          WR   GB    10.2 pts
    RJ Harvey              RB   DEN   10.0 pts
    MarShawn Lloyd         RB   GB     9.3 pts
    Jaden Nixon            RB   GB     7.6 pts
    Bo Nix                 QB   DEN    7.0 pts
[Live Scores] pre week 2: tier=live — next poll in 60s
[Live Scores] [2026-08-22 03:38:16 UTC] Fetching scoreboard: week=2 season=2026 type=pre
  16 games
[Live Scores] Fetching player box scores...
  184 players with recorded stats
  OK -> fantasai/live/scoreboard_2026_pre_2.json
  OK -> fantasai/live/player_stats_2026_pre_2.json
  OK -> fantasai/live/index.json
[Live Scores] [2026-08-22 03:38:19 UTC] Polling: GB@DEN (In Progress)
  top scorers in the game(s) being polled:
    Will Sheppard          WR   GB    10.2 pts
    RJ Harvey              RB   DEN   10.0 pts
    MarShawn Lloyd         RB   GB     9.3 pts
    Jaden Nixon            RB   GB     7.6 pts
    Bo Nix                 QB   DEN    7.0 pts
[Live Scores] pre week 2: tier=live — next poll in 60s
[Live Scores] [2026-08-22 03:39:19 UTC] Fetching scoreboard: week=2 season=2026 type=pre
  16 games
[Live Scores] Fetching player box scores...
  184 players with recorded stats
  OK -> fantasai/live/scoreboard_2026_pre_2.json
  OK -> fantasai/live/player_stats_2026_pre_2.json
  OK -> fantasai/live/index.json
[Live Scores] [2026-08-22 03:39:22 UTC] Polling: GB@DEN (In Progress)
  top scorers in the game(s) being polled:
    Will Sheppard          WR   GB    10.2 pts
    RJ Harvey              RB   DEN   10.0 pts
    MarShawn Lloyd         RB   GB     9.3 pts
    Jaden Nixon            RB   GB     7.6 pts
    Bo Nix                 QB   DEN    7.0 pts
[Live Scores] pre week 2: tier=live — next poll in 60s
[Live Scores] [2026-08-22 03:40:22 UTC] Fetching scoreboard: week=2 season=2026 type=pre
  16 games
[Live Scores] Fetching player box scores...
  184 players with recorded stats
  OK -> fantasai/live/scoreboard_2026_pre_2.json
  OK -> fantasai/live/player_stats_2026_pre_2.json
  OK -> fantasai/live/index.json
[Live Scores] [2026-08-22 03:40:25 UTC] Polling: GB@DEN (In Progress)
  top scorers in the game(s) being polled:
    Will Sheppard          WR   GB    10.2 pts
    RJ Harvey              RB   DEN   10.0 pts
    MarShawn Lloyd         RB   GB     9.3 pts
    Jaden Nixon            RB   GB     7.6 pts
    Bo Nix                 QB   DEN    7.0 pts
[Live Scores] pre week 2: tier=live — next poll in 60s
[Live Scores] [2026-08-22 03:41:25 UTC] Fetching scoreboard: week=2 season=2026 type=pre
  16 games
[Live Scores] Fetching player box scores...
  184 players with recorded stats
  OK -> fantasai/live/scoreboard_2026_pre_2.json
  OK -> fantasai/live/player_stats_2026_pre_2.json
  OK -> fantasai/live/index.json
[Live Scores] [2026-08-22 03:41:28 UTC] Polling: GB@DEN (In Progress)
  top scorers in the game(s) being polled:
    Will Sheppard          WR   GB    10.2 pts
    RJ Harvey              RB   DEN   10.0 pts
    MarShawn Lloyd         RB   GB     9.3 pts
    Jaden Nixon            RB   GB     7.6 pts
    Bo Nix                 QB   DEN    7.0 pts
[Live Scores] pre week 2: tier=live — next poll in 60s
[Live Scores] [2026-08-22 03:42:28 UTC] Fetching scoreboard: week=2 season=2026 type=pre
  16 games
[Live Scores] Fetching player box scores...
  184 players with recorded stats
  OK -> fantasai/live/scoreboard_2026_pre_2.json
  OK -> fantasai/live/player_stats_2026_pre_2.json
  OK -> fantasai/live/index.json
[Live Scores] [2026-08-22 03:42:31 UTC] Polling: GB@DEN (In Progress)
  top scorers in the game(s) being polled:
    Will Sheppard          WR   GB    10.2 pts
    RJ Harvey              RB   DEN   10.0 pts
    MarShawn Lloyd         RB   GB     9.3 pts
    Jaden Nixon            RB   GB     7.6 pts
    Bo Nix                 QB   DEN    7.0 pts
[Live Scores] pre week 2: tier=live — next poll in 60s
[Live Scores] [2026-08-22 03:43:31 UTC] Fetching scoreboard: week=2 season=2026 type=pre
  16 games
[Live Scores] Fetching player box scores...
  184 players with recorded stats
  OK -> fantasai/live/scoreboard_2026_pre_2.json
  OK -> fantasai/live/player_stats_2026_pre_2.json
  OK -> fantasai/live/index.json
[Live Scores] [2026-08-22 03:43:33 UTC] Polling: GB@DEN (In Progress)
  top scorers in the game(s) being polled:
    Will Sheppard          WR   GB    10.2 pts
    RJ Harvey              RB   DEN   10.0 pts
    MarShawn Lloyd         RB   GB     9.3 pts
    Jaden Nixon            RB   GB     7.6 pts
    Bo Nix                 QB   DEN    7.0 pts
[Live Scores] pre week 2: tier=live — next poll in 60s
[Live Scores] [2026-08-22 03:44:33 UTC] Fetching scoreboard: week=2 season=2026 type=pre
  16 games
[Live Scores] Fetching player box scores...
  186 players with recorded stats
  OK -> fantasai/live/scoreboard_2026_pre_2.json
  OK -> fantasai/live/player_stats_2026_pre_2.json
  OK -> fantasai/live/index.json
[Live Scores] [2026-08-22 03:44:36 UTC] Polling: GB@DEN (In Progress)
  top scorers in the game(s) being polled:
    Will Sheppard          WR   GB    10.2 pts
    RJ Harvey              RB   DEN   10.0 pts
    MarShawn Lloyd         RB   GB     9.3 pts
    Jaden Nixon            RB   GB     7.6 pts
    Bo Nix                 QB   DEN    7.0 pts
[Live Scores] pre week 2: tier=live — next poll in 60s
[Live Scores] [2026-08-22 03:45:36 UTC] Fetching scoreboard: week=2 season=2026 type=pre
  16 games
[Live Scores] Fetching player box scores...
  186 players with recorded stats
  OK -> fantasai/live/scoreboard_2026_pre_2.json
  OK -> fantasai/live/player_stats_2026_pre_2.json
  OK -> fantasai/live/index.json
[Live Scores] [2026-08-22 03:45:39 UTC] Polling: GB@DEN (In Progress)
  top scorers in the game(s) being polled:
    Will Sheppard          WR   GB    10.2 pts
    RJ Harvey              RB   DEN   10.0 pts
    MarShawn Lloyd         RB   GB     9.3 pts
    Jaden Nixon            RB   GB     7.6 pts
    Bo Nix                 QB   DEN    7.0 pts
[Live Scores] pre week 2: tier=live — next poll in 60s
[Live Scores] [2026-08-22 03:46:39 UTC] Fetching scoreboard: week=2 season=2026 type=pre
  16 games
[Live Scores] Fetching player box scores...
  186 players with recorded stats
  OK -> fantasai/live/scoreboard_2026_pre_2.json
  OK -> fantasai/live/player_stats_2026_pre_2.json
  OK -> fantasai/live/index.json
[Live Scores] [2026-08-22 03:46:42 UTC] Polling: GB@DEN (In Progress)
  top scorers in the game(s) being polled:
    Will Sheppard          WR   GB    10.2 pts
    RJ Harvey              RB   DEN   10.0 pts
    MarShawn Lloyd         RB   GB     9.3 pts
    Jaden Nixon            RB   GB     7.6 pts
    Bo Nix                 QB   DEN    7.0 pts
[Live Scores] pre week 2: tier=live — next poll in 60s
[Live Scores] [2026-08-22 03:47:42 UTC] Fetching scoreboard: week=2 season=2026 type=pre
  16 games
[Live Scores] Fetching player box scores...
  186 players with recorded stats
  OK -> fantasai/live/scoreboard_2026_pre_2.json
  OK -> fantasai/live/player_stats_2026_pre_2.json
  OK -> fantasai/live/index.json
[Live Scores] [2026-08-22 03:47:45 UTC] Polling: GB@DEN (In Progress)
  top scorers in the game(s) being polled:
    Will Sheppard          WR   GB    10.2 pts
    RJ Harvey              RB   DEN   10.0 pts
    MarShawn Lloyd         RB   GB     9.3 pts
    Jaden Nixon            RB   GB     7.6 pts
    Bo Nix                 QB   DEN    7.0 pts
[Live Scores] pre week 2: tier=live — next poll in 60s
[Live Scores] [2026-08-22 03:48:45 UTC] Fetching scoreboard: week=2 season=2026 type=pre
  16 games
[Live Scores] Fetching player box scores...
  186 players with recorded stats
  OK -> fantasai/live/scoreboard_2026_pre_2.json
  OK -> fantasai/live/player_stats_2026_pre_2.json
  OK -> fantasai/live/index.json
[Live Scores] [2026-08-22 03:48:48 UTC] Polling: GB@DEN (In Progress)
  top scorers in the game(s) being polled:
    Will Sheppard          WR   GB    10.2 pts
    RJ Harvey              RB   DEN   10.0 pts
    MarShawn Lloyd         RB   GB     9.3 pts
    Jaden Nixon            RB   GB     7.6 pts
    Bo Nix                 QB   DEN    7.0 pts
[Live Scores] pre week 2: tier=live — next poll in 60s
[Live Scores] [2026-08-22 03:49:48 UTC] Fetching scoreboard: week=2 season=2026 type=pre
  16 games
[Live Scores] Fetching player box scores...
  187 players with recorded stats
  OK -> fantasai/live/scoreboard_2026_pre_2.json
  OK -> fantasai/live/player_stats_2026_pre_2.json
  OK -> fantasai/live/index.json
[Live Scores] [2026-08-22 03:49:51 UTC] Polling: GB@DEN (In Progress)
  top scorers in the game(s) being polled:
    Will Sheppard          WR   GB    10.2 pts
    RJ Harvey              RB   DEN   10.0 pts
    MarShawn Lloyd         RB   GB     9.3 pts
    Jaden Nixon            RB   GB     8.0 pts
    Bo Nix                 QB   DEN    7.0 pts
[Live Scores] pre week 2: tier=live — next poll in 60s
[Live Scores] [2026-08-22 03:50:51 UTC] Fetching scoreboard: week=2 season=2026 type=pre
  16 games
[Live Scores] Fetching player box scores...
  188 players with recorded stats
  OK -> fantasai/live/scoreboard_2026_pre_2.json
  OK -> fantasai/live/player_stats_2026_pre_2.json
  OK -> fantasai/live/index.json
[Live Scores] [2026-08-22 03:50:54 UTC] Polling: GB@DEN (In Progress)
  top scorers in the game(s) being polled:
    Will Sheppard          WR   GB    11.2 pts
    RJ Harvey              RB   DEN   10.0 pts
    MarShawn Lloyd         RB   GB     9.3 pts
    Jaden Nixon            RB   GB     8.0 pts
    Bo Nix                 QB   DEN    7.0 pts
[Live Scores] pre week 2: tier=live — next poll in 60s
[Live Scores] [2026-08-22 03:51:54 UTC] Fetching scoreboard: week=2 season=2026 type=pre
  16 games
[Live Scores] Fetching player box scores...
  188 players with recorded stats
  OK -> fantasai/live/scoreboard_2026_pre_2.json
  OK -> fantasai/live/player_stats_2026_pre_2.json
  OK -> fantasai/live/index.json
[Live Scores] [2026-08-22 03:51:57 UTC] Polling: GB@DEN (In Progress)
  top scorers in the game(s) being polled:
    Will Sheppard          WR   GB    11.2 pts
    RJ Harvey              RB   DEN   10.0 pts
    MarShawn Lloyd         RB   GB     9.3 pts
    Jaden Nixon            RB   GB     8.0 pts
    Bo Nix                 QB   DEN    7.0 pts
[Live Scores] pre week 2: tier=live — next poll in 60s
[Live Scores] [2026-08-22 03:52:57 UTC] Fetching scoreboard: week=2 season=2026 type=pre
  16 games
[Live Scores] Fetching player box scores...
  188 players with recorded stats
  OK -> fantasai/live/scoreboard_2026_pre_2.json
  OK -> fantasai/live/player_stats_2026_pre_2.json
  OK -> fantasai/live/index.json
[Live Scores] [2026-08-22 03:52:59 UTC] Polling: GB@DEN (In Progress)
  top scorers in the game(s) being polled:
    Will Sheppard          WR   GB    11.2 pts
    RJ Harvey              RB   DEN   10.0 pts
    MarShawn Lloyd         RB   GB     9.3 pts
    Jaden Nixon            RB   GB     8.0 pts
    Bo Nix                 QB   DEN    7.0 pts
[Live Scores] pre week 2: tier=live — next poll in 60s
[Live Scores] [2026-08-22 03:53:59 UTC] Fetching scoreboard: week=2 season=2026 type=pre
  16 games
[Live Scores] Fetching player box scores...
  188 players with recorded stats
  OK -> fantasai/live/scoreboard_2026_pre_2.json
  OK -> fantasai/live/player_stats_2026_pre_2.json
  OK -> fantasai/live/index.json
[Live Scores] [2026-08-22 03:54:02 UTC] Polling: GB@DEN (In Progress)
  top scorers in the game(s) being polled:
    Will Sheppard          WR   GB    13.7 pts
    RJ Harvey              RB   DEN   10.0 pts
    MarShawn Lloyd         RB   GB     9.3 pts
    Jaden Nixon            RB   GB     8.0 pts
    Bo Nix                 QB   DEN    7.0 pts
[Live Scores] pre week 2: tier=live — next poll in 60s
[Live Scores] [2026-08-22 03:55:02 UTC] Fetching scoreboard: week=2 season=2026 type=pre
  16 games
[Live Scores] Fetching player box scores...
  188 players with recorded stats
  OK -> fantasai/live/scoreboard_2026_pre_2.json
  OK -> fantasai/live/player_stats_2026_pre_2.json
  OK -> fantasai/live/index.json
[Live Scores] [2026-08-22 03:55:05 UTC] Polling: GB@DEN (In Progress)
  top scorers in the game(s) being polled:
    Will Sheppard          WR   GB    13.7 pts
    RJ Harvey              RB   DEN   10.0 pts
    MarShawn Lloyd         RB   GB     9.3 pts
    Jaden Nixon            RB   GB     8.0 pts
    Bo Nix                 QB   DEN    7.0 pts
[Live Scores] pre week 2: tier=live — next poll in 60s
[Live Scores] [2026-08-22 03:56:05 UTC] Fetching scoreboard: week=2 season=2026 type=pre
  16 games
[Live Scores] Fetching player box scores...
  188 players with recorded stats
  OK -> fantasai/live/scoreboard_2026_pre_2.json
  OK -> fantasai/live/player_stats_2026_pre_2.json
  OK -> fantasai/live/index.json
[Live Scores] [2026-08-22 03:56:08 UTC] Polling: GB@DEN (In Progress)
  top scorers in the game(s) being polled:
    Will Sheppard          WR   GB    13.7 pts
    RJ Harvey              RB   DEN   10.0 pts
    MarShawn Lloyd         RB   GB     9.3 pts
    Jaden Nixon            RB   GB     8.0 pts
    Bo Nix                 QB   DEN    7.0 pts
[Live Scores] pre week 2: tier=live — next poll in 60s
[Live Scores] [2026-08-22 03:57:08 UTC] Fetching scoreboard: week=2 season=2026 type=pre
  16 games
[Live Scores] Fetching player box scores...
  188 players with recorded stats
  OK -> fantasai/live/scoreboard_2026_pre_2.json
  OK -> fantasai/live/player_stats_2026_pre_2.json
  OK -> fantasai/live/index.json
[Live Scores] [2026-08-22 03:57:11 UTC] Polling: GB@DEN (In Progress)
  top scorers in the game(s) being polled:
    Will Sheppard          WR   GB    13.7 pts
    RJ Harvey              RB   DEN   10.0 pts
    MarShawn Lloyd         RB   GB     9.3 pts
    Jaden Nixon            RB   GB     8.0 pts
    Bo Nix                 QB   DEN    7.0 pts
[Live Scores] pre week 2: tier=live — next poll in 60s
[Live Scores] [2026-08-22 03:58:11 UTC] Fetching scoreboard: week=2 season=2026 type=pre
  16 games
[Live Scores] Fetching player box scores...
  188 players with recorded stats
  OK -> fantasai/live/scoreboard_2026_pre_2.json
  OK -> fantasai/live/player_stats_2026_pre_2.json
  OK -> fantasai/live/index.json
[Live Scores] [2026-08-22 03:58:14 UTC] Polling: GB@DEN (In Progress)
  top scorers in the game(s) being polled:
    Will Sheppard          WR   GB    13.7 pts
    RJ Harvey              RB   DEN   10.0 pts
    MarShawn Lloyd         RB   GB     9.3 pts
    Jaden Nixon            RB   GB     8.0 pts
    Bo Nix                 QB   DEN    7.0 pts
[Live Scores] pre week 2: tier=live — next poll in 60s
[Live Scores] [2026-08-22 03:59:14 UTC] Fetching scoreboard: week=2 season=2026 type=pre
  16 games
[Live Scores] Fetching player box scores...
  188 players with recorded stats
  OK -> fantasai/live/scoreboard_2026_pre_2.json
  OK -> fantasai/live/player_stats_2026_pre_2.json
  OK -> fantasai/live/index.json
[Live Scores] [2026-08-22 03:59:18 UTC] Polling: GB@DEN (In Progress)
  top scorers in the game(s) being polled:
    Will Sheppard          WR   GB    13.7 pts
    RJ Harvey              RB   DEN   10.0 pts
    MarShawn Lloyd         RB   GB     9.3 pts
    Jaden Nixon            RB   GB     8.0 pts
    Bo Nix                 QB   DEN    7.0 pts
[Live Scores] pre week 2: tier=live — next poll in 60s
[Live Scores] [2026-08-22 04:00:18 UTC] Fetching scoreboard: week=2 season=2026 type=pre
  16 games
[Live Scores] Fetching player box scores...
  188 players with recorded stats
  OK -> fantasai/live/scoreboard_2026_pre_2.json
  OK -> fantasai/live/player_stats_2026_pre_2.json
  OK -> fantasai/live/index.json
[Live Scores] [2026-08-22 04:00:21 UTC] Polling: GB@DEN (In Progress)
  top scorers in the game(s) being polled:
    Will Sheppard          WR   GB    13.7 pts
    RJ Harvey              RB   DEN   10.0 pts
    MarShawn Lloyd         RB   GB     9.3 pts
    Jaden Nixon            RB   GB     8.0 pts
    Bo Nix                 QB   DEN    7.0 pts
[Live Scores] pre week 2: tier=live — next poll in 60s
[Live Scores] [2026-08-22 04:01:21 UTC] Fetching scoreboard: week=2 season=2026 type=pre
  16 games
[Live Scores] Fetching player box scores...
  188 players with recorded stats
  OK -> fantasai/live/scoreboard_2026_pre_2.json
  OK -> fantasai/live/player_stats_2026_pre_2.json
  OK -> fantasai/live/index.json
[Live Scores] [2026-08-22 04:01:23 UTC] Polling: GB@DEN (In Progress)
  top scorers in the game(s) being polled:
    Will Sheppard          WR   GB    13.7 pts
    RJ Harvey              RB   DEN   10.0 pts
    MarShawn Lloyd         RB   GB     9.3 pts
    Jaden Nixon            RB   GB     8.0 pts
    Bo Nix                 QB   DEN    7.0 pts
[Live Scores] pre week 2: tier=live — next poll in 60s
[Live Scores] [2026-08-22 04:02:23 UTC] Fetching scoreboard: week=2 season=2026 type=pre
  16 games
[Live Scores] Fetching player box scores...
  188 players with recorded stats
  OK -> fantasai/live/scoreboard_2026_pre_2.json
  OK -> fantasai/live/player_stats_2026_pre_2.json
  OK -> fantasai/live/index.json
[Live Scores] [2026-08-22 04:02:26 UTC] Polling: GB@DEN (In Progress)
  top scorers in the game(s) being polled:
    Will Sheppard          WR   GB    13.7 pts
    RJ Harvey              RB   DEN   10.0 pts
    MarShawn Lloyd         RB   GB     9.3 pts
    Jaden Nixon            RB   GB     8.0 pts
    Bo Nix                 QB   DEN    7.0 pts
[Live Scores] pre week 2: tier=live — next poll in 60s
[Live Scores] [2026-08-22 04:03:26 UTC] Fetching scoreboard: week=2 season=2026 type=pre
  16 games
[Live Scores] Fetching player box scores...
  188 players with recorded stats
  OK -> fantasai/live/scoreboard_2026_pre_2.json
  OK -> fantasai/live/player_stats_2026_pre_2.json
  OK -> fantasai/live/index.json
[Live Scores] [2026-08-22 04:03:30 UTC] Polling: GB@DEN (In Progress)
  top scorers in the game(s) being polled:
    Will Sheppard          WR   GB    13.7 pts
    RJ Harvey              RB   DEN   10.0 pts
    MarShawn Lloyd         RB   GB     9.3 pts
    Jaden Nixon            RB   GB     8.0 pts
    Bo Nix                 QB   DEN    7.0 pts
[Live Scores] pre week 2: tier=live — next poll in 60s
[Live Scores] [2026-08-22 04:04:30 UTC] Fetching scoreboard: week=2 season=2026 type=pre
  16 games
[Live Scores] Fetching player box scores...
  188 players with recorded stats
  OK -> fantasai/live/scoreboard_2026_pre_2.json
  OK -> fantasai/live/player_stats_2026_pre_2.json
  OK -> fantasai/live/index.json
[Live Scores] [2026-08-22 04:04:32 UTC] Polling: GB@DEN (In Progress)
  top scorers in the game(s) being polled:
    Will Sheppard          WR   GB    13.7 pts
    RJ Harvey              RB   DEN   10.0 pts
    MarShawn Lloyd         RB   GB     9.3 pts
    Jaden Nixon            RB   GB     8.0 pts
    Bo Nix                 QB   DEN    7.0 pts
[Live Scores] pre week 2: tier=live — next poll in 60s
[Live Scores] [2026-08-22 04:05:32 UTC] Fetching scoreboard: week=2 season=2026 type=pre
  16 games
[Live Scores] Fetching player box scores...
  188 players with recorded stats
  OK -> fantasai/live/scoreboard_2026_pre_2.json
  OK -> fantasai/live/player_stats_2026_pre_2.json
  OK -> fantasai/live/index.json
[Live Scores] [2026-08-22 04:05:36 UTC] No games currently live or imminent in pre week 2.
[Live Scores] pre week 2: all final — one confirm poll in 120s, then stopping.
[Live Scores] [2026-08-22 04:07:36 UTC] Fetching scoreboard: week=2 season=2026 type=pre
  16 games
[Live Scores] Fetching player box scores...
  188 players with recorded stats
  OK -> fantasai/live/scoreboard_2026_pre_2.json
  OK -> fantasai/live/player_stats_2026_pre_2.json
  OK -> fantasai/live/index.json
[Live Scores] [2026-08-22 04:07:39 UTC] No games currently live or imminent in pre week 2.
[Live Scores] pre week 2: final confirmed — stopping this slate.
